Archive member included because of file (symbol)

C:\Users\mlteh\Documents\LPCXpresso_6.1.4_194\workspace\Lib_CMSISv1p30_LPC17xx\Debug\libCMSISv1p30_LPC17xx.a(system_LPC17xx.o)
                              ./src/main.o (SystemCoreClock)
C:\Users\mlteh\Documents\LPCXpresso_6.1.4_194\workspace\Lib_EaBaseBoard\Debug\libLib_EaBaseBoard.a(acc.o)
                              ./src/main.o (acc_init)
C:\Users\mlteh\Documents\LPCXpresso_6.1.4_194\workspace\Lib_EaBaseBoard\Debug\libLib_EaBaseBoard.a(led7seg.o)
                              ./src/main.o (led7seg_init)
C:\Users\mlteh\Documents\LPCXpresso_6.1.4_194\workspace\Lib_EaBaseBoard\Debug\libLib_EaBaseBoard.a(light.o)
                              ./src/main.o (light_enable)
C:\Users\mlteh\Documents\LPCXpresso_6.1.4_194\workspace\Lib_EaBaseBoard\Debug\libLib_EaBaseBoard.a(oled.o)
                              ./src/main.o (oled_init)
C:\Users\mlteh\Documents\LPCXpresso_6.1.4_194\workspace\Lib_EaBaseBoard\Debug\libLib_EaBaseBoard.a(pca9532.o)
                              ./src/main.o (pca9532_init)
C:\Users\mlteh\Documents\LPCXpresso_6.1.4_194\workspace\Lib_EaBaseBoard\Debug\libLib_EaBaseBoard.a(rgb.o)
                              ./src/main.o (rgb_init)
C:\Users\mlteh\Documents\LPCXpresso_6.1.4_194\workspace\Lib_EaBaseBoard\Debug\libLib_EaBaseBoard.a(temp.o)
                              ./src/main.o (temp_init)
C:\Users\mlteh\Documents\LPCXpresso_6.1.4_194\workspace\Lib_EaBaseBoard\Debug\libLib_EaBaseBoard.a(font5x7.o)
                              C:\Users\mlteh\Documents\LPCXpresso_6.1.4_194\workspace\Lib_EaBaseBoard\Debug\libLib_EaBaseBoard.a(oled.o) (font5x7)
C:\Users\mlteh\Documents\LPCXpresso_6.1.4_194\workspace\Lib_MCU\Debug\libLib_MCU.a(lpc17xx_gpio.o)
                              ./src/main.o (GPIO_SetDir)
C:\Users\mlteh\Documents\LPCXpresso_6.1.4_194\workspace\Lib_MCU\Debug\libLib_MCU.a(lpc17xx_i2c.o)
                              ./src/main.o (I2C_Init)
C:\Users\mlteh\Documents\LPCXpresso_6.1.4_194\workspace\Lib_MCU\Debug\libLib_MCU.a(lpc17xx_pinsel.o)
                              ./src/main.o (PINSEL_ConfigPin)
C:\Users\mlteh\Documents\LPCXpresso_6.1.4_194\workspace\Lib_MCU\Debug\libLib_MCU.a(lpc17xx_ssp.o)
                              ./src/main.o (SSP_Init)
C:\Users\mlteh\Documents\LPCXpresso_6.1.4_194\workspace\Lib_MCU\Debug\libLib_MCU.a(lpc17xx_timer.o)
                              ./src/main.o (Timer0_Wait)
C:\Users\mlteh\Documents\LPCXpresso_6.1.4_194\workspace\Lib_MCU\Debug\libLib_MCU.a(lpc17xx_uart.o)
                              ./src/main.o (UART_TxCmd)
C:\Users\mlteh\Documents\LPCXpresso_6.1.4_194\workspace\Lib_MCU\Debug\libLib_MCU.a(lpc17xx_clkpwr.o)
                              C:\Users\mlteh\Documents\LPCXpresso_6.1.4_194\workspace\Lib_MCU\Debug\libLib_MCU.a(lpc17xx_i2c.o) (CLKPWR_SetPCLKDiv)
c:/nxp/lpcxpresso_6.1.4_194/lpcxpresso/tools/bin/../lib/gcc/arm-none-eabi/4.6.2/armv7-m\libgcc.a(_arm_addsubdf3.o)
                              ./src/main.o (__aeabi_i2d)
c:/nxp/lpcxpresso_6.1.4_194/lpcxpresso/tools/bin/../lib/gcc/arm-none-eabi/4.6.2/armv7-m\libgcc.a(_arm_muldivdf3.o)
                              ./src/main.o (__aeabi_ddiv)
c:/nxp/lpcxpresso_6.1.4_194/lpcxpresso/tools/bin/../lib/gcc/arm-none-eabi/4.6.2/armv7-m\libgcc.a(_arm_fixdfsi.o)
                              ./src/main.o (__aeabi_d2iz)
c:/nxp/lpcxpresso_6.1.4_194/lpcxpresso/tools/bin/../lib/gcc/arm-none-eabi/4.6.2/armv7-m\libgcc.a(_arm_truncdfsf2.o)
                              ./src/main.o (__aeabi_d2f)
c:/nxp/lpcxpresso_6.1.4_194/lpcxpresso/tools/bin/../lib/gcc/arm-none-eabi/4.6.2/armv7-m\libgcc.a(_arm_cmpsf2.o)
                              ./src/main.o (__aeabi_fcmpgt)
c:/nxp/lpcxpresso_6.1.4_194/lpcxpresso/tools/bin/../lib/gcc/arm-none-eabi/4.6.2/armv7-m\libgcc.a(_aeabi_uldivmod.o)
                              C:\Users\mlteh\Documents\LPCXpresso_6.1.4_194\workspace\Lib_CMSISv1p30_LPC17xx\Debug\libCMSISv1p30_LPC17xx.a(system_LPC17xx.o) (__aeabi_uldivmod)
c:/nxp/lpcxpresso_6.1.4_194/lpcxpresso/tools/bin/../lib/gcc/arm-none-eabi/4.6.2/armv7-m\libgcc.a(bpabi.o)
                              c:/nxp/lpcxpresso_6.1.4_194/lpcxpresso/tools/bin/../lib/gcc/arm-none-eabi/4.6.2/armv7-m\libgcc.a(_aeabi_uldivmod.o) (__gnu_uldivmod_helper)
c:/nxp/lpcxpresso_6.1.4_194/lpcxpresso/tools/bin/../lib/gcc/arm-none-eabi/4.6.2/armv7-m\libgcc.a(_dvmd_tls.o)
                              c:/nxp/lpcxpresso_6.1.4_194/lpcxpresso/tools/bin/../lib/gcc/arm-none-eabi/4.6.2/armv7-m\libgcc.a(_aeabi_uldivmod.o) (__aeabi_ldiv0)
c:/nxp/lpcxpresso_6.1.4_194/lpcxpresso/tools/bin/../lib/gcc/arm-none-eabi/4.6.2/armv7-m\libgcc.a(_divdi3.o)
                              c:/nxp/lpcxpresso_6.1.4_194/lpcxpresso/tools/bin/../lib/gcc/arm-none-eabi/4.6.2/armv7-m\libgcc.a(bpabi.o) (__divdi3)
c:/nxp/lpcxpresso_6.1.4_194/lpcxpresso/tools/bin/../lib/gcc/arm-none-eabi/4.6.2/armv7-m\libgcc.a(_udivdi3.o)
[...]
Memory Configuration

Name             Origin             Length             Attributes
MFlash512        0x00000000         0x00080000         xr
RamLoc32         0x10000000         0x00008000         xrw
RamAHB32         0x2007c000         0x00008000         xrw
*default*        0x00000000         0xffffffff

Linker script and memory map

LOAD ./src/cr_startup_lpc17.o
LOAD ./src/main.o
LOAD C:\Users\mlteh\Documents\LPCXpresso_6.1.4_194\workspace\Lib_CMSISv1p30_LPC17xx\Debug\libCMSISv1p30_LPC17xx.a
LOAD C:\Users\mlteh\Documents\LPCXpresso_6.1.4_194\workspace\Lib_EaBaseBoard\Debug\libLib_EaBaseBoard.a
LOAD C:\Users\mlteh\Documents\LPCXpresso_6.1.4_194\workspace\Lib_MCU\Debug\libLib_MCU.a
START GROUP
LOAD c:/nxp/lpcxpresso_6.1.4_194/lpcxpresso/tools/bin/../lib/gcc/arm-none-eabi/4.6.2/armv7-m\libgcc.a
LOAD c:/nxp/lpcxpresso_6.1.4_194/lpcxpresso/tools/bin/../lib/gcc/arm-none-eabi/4.6.2/../../../../arm-none-eabi/lib/armv7-m\libc.a
LOAD c:/nxp/lpcxpresso_6.1.4_194/lpcxpresso/tools/bin/../lib/gcc/arm-none-eabi/4.6.2/../../../../arm-none-eabi/lib/armv7-m\libm.a
LOAD c:/nxp/lpcxpresso_6.1.4_194/lpcxpresso/tools/bin/../lib/gcc/arm-none-eabi/4.6.2/../../../../arm-none-eabi/lib/armv7-m\libcr_newlib_semihost.a
END GROUP
                0x00080000                __top_MFlash512 = 0x80000
                0x10008000                __top_RamLoc32 = 0x10008000
                0x20084000                __top_RamAHB32 = 0x20084000

.text           0x00000000     0xc650
 FILL mask 0xff
                0x00000000                __vectors_start__ = ABSOLUTE (.)
 *(.isr_vector)
 .isr_vector    0x00000000       0xcc ./src/cr_startup_lpc17.o
                0x00000000                g_pfnVectors
                0x000000cc                . = ALIGN (0x4)
                0x000000cc                __section_table_start = .
                0x000000cc                __data_section_table = .
                0x000000cc        0x4 LONG 0xc658 LOADADDR (.data)
                0x000000d0        0x4 LONG 0x10000000 ADDR (.data)
                0x000000d4        0x4 LONG 0x910 SIZEOF (.data)
                0x000000d8        0x4 LONG 0xc658 LOADADDR (.data_RAM2)
                0x000000dc        0x4 LONG 0x2007c000 ADDR (.data_RAM2)
                0x000000e0        0x4 LONG 0x0 SIZEOF (.data_RAM2)
                0x000000e4                __data_section_table_end = .
                0x000000e4                __bss_section_table = .
                0x000000e4        0x4 LONG 0x10000910 ADDR (.bss)
                0x000000e8        0x4 LONG 0x3ec SIZEOF (.bss)
                0x000000ec        0x4 LONG 0x2007c000 ADDR (.bss_RAM2)
                0x000000f0        0x4 LONG 0x0 SIZEOF (.bss_RAM2)
                0x000000f4                __bss_section_table_end = .
                0x000000f4                __section_table_end = .
 *(.after_vectors*)
 *(.text*)
 .text.ResetISR
                0x000000f4       0x68 ./src/cr_startup_lpc17.o
                0x000000f4                ResetISR
 .text.NMI_Handler
                0x0000015c        0x8 ./src/cr_startup_lpc17.o
                0x0000015c                NMI_Handler
 .text.HardFault_Handler
                0x00000164        0x8 ./src/cr_startup_lpc17.o
                0x00000164                HardFault_Handler
 .text.MemManage_Handler
                0x0000016c        0x8 ./src/cr_startup_lpc17.o
                0x0000016c                MemManage_Handler
 .text.BusFault_Handler
                0x00000174        0x8 ./src/cr_startup_lpc17.o
                0x00000174                BusFault_Handler
 .text.UsageFault_Handler
                0x0000017c        0x8 ./src/cr_startup_lpc17.o
                0x0000017c                UsageFault_Handler
 .text.SVCall_Handler
                0x00000184        0x8 ./src/cr_startup_lpc17.o
                0x00000184                SVCall_Handler
 .text.DebugMon_Handler
                0x0000018c        0x8 ./src/cr_startup_lpc17.o
                0x0000018c                DebugMon_Handler
 .text.PendSV_Handler
                0x00000194        0x8 ./src/cr_startup_lpc17.o
                0x00000194                PendSV_Handler
 .text.IntDefaultHandler
                0x0000019c        0x8 ./src/cr_startup_lpc17.o
                0x0000019c                TIMER2_IRQHandler
                0x0000019c                RIT_IRQHandler
                0x0000019c                I2C0_IRQHandler
                0x0000019c                USBActivity_IRQHandler
                0x0000019c                PWM1_IRQHandler
                0x0000019c                I2C1_IRQHandler
                0x0000019c                EINT2_IRQHandler
                0x0000019c                UART1_IRQHandler
                0x0000019c                CANActivity_IRQHandler
                0x0000019c                TIMER3_IRQHandler
                0x0000019c                UART0_IRQHandler
                0x0000019c                IntDefaultHandler
                0x0000019c                PLL0_IRQHandler
                0x0000019c                CAN_IRQHandler
                0x0000019c                PLL1_IRQHandler
                0x0000019c                SSP0_IRQHandler
                0x0000019c                I2S_IRQHandler
                0x0000019c                I2C2_IRQHandler
                0x0000019c                RTC_IRQHandler
                0x0000019c                TIMER0_IRQHandler
                0x0000019c                SPI_IRQHandler
                0x0000019c                EINT1_IRQHandler
                0x0000019c                TIMER1_IRQHandler
                0x0000019c                UART2_IRQHandler
                0x0000019c                ADC_IRQHandler
                0x0000019c                SSP1_IRQHandler
                0x0000019c                USB_IRQHandler
                0x0000019c                BOD_IRQHandler
                0x0000019c                WDT_IRQHandler
                0x0000019c                QEI_IRQHandler
                0x0000019c                DMA_IRQHandler
                0x0000019c                UART3_IRQHandler
                0x0000019c                MCPWM_IRQHandler
                0x0000019c                ENET_IRQHandler
 .text.NVIC_EnableIRQ
                0x000001a4       0x38 ./src/main.o
 .text.NVIC_SetPriority
                0x000001dc       0x5c ./src/main.o
 .text.SysTick_Config
                0x00000238       0x64 ./src/main.o
 .text.SysTick_Handler
                0x0000029c       0x24 ./src/main.o
                0x0000029c                SysTick_Handler
 .text.getMsTicks
                0x000002c0       0x18 ./src/main.o
                0x000002c0                getMsTicks
 .text.EINT3_IRQHandler
                0x000002d8       0x40 ./src/main.o
                0x000002d8                EINT3_IRQHandler
 .text.EINT0_IRQHandler
                0x00000318       0x30 ./src/main.o
                0x00000318                EINT0_IRQHandler
 .text.monitor7Seg
                0x00000348      0x140 ./src/main.o
 .text.setRGB   0x00000488       0x74 ./src/main.o
                0x00000488                setRGB
 .text.blinkRGB
                0x000004fc       0xd0 ./src/main.o
                0x000004fc                blinkRGB
 .text.blinkBothRGB
                0x000005cc       0x80 ./src/main.o
                0x000005cc                blinkBothRGB
 .text.blinkBlueRGB
                0x0000064c       0x80 ./src/main.o
                0x0000064c                blinkBlueRGB
 .text.blinkRedRGB
                0x000006cc       0x80 ./src/main.o
                0x000006cc                blinkRedRGB
 .text.pinsel_uart3
                0x0000074c       0x38 ./src/main.o
                0x0000074c                pinsel_uart3
 .text.init_uart
                0x00000784       0x4c ./src/main.o
                0x00000784                init_uart
 .text.init_ssp
                0x000007d0       0x98 ./src/main.o
 .text.init_i2c
                0x00000868       0x5c ./src/main.o
 .text.init_GPIO
                0x000008c4       0xe8 ./src/main.o
 .text.updateOledDisplay
                0x000009ac      0x104 ./src/main.o
 .text.checkSW4
                0x00000ab0       0x44 ./src/main.o
 .text.main     0x00000af4      0x5d8 ./src/main.o
                0x00000af4                main
 .text.check_failed
                0x000010cc        0xc ./src/main.o
                0x000010cc                check_failed
 .text.SystemInit
                0x000010d8      0x22c C:\Users\mlteh\Documents\LPCXpresso_6.1.4_194\workspace\Lib_CMSISv1p30_LPC17xx\Debug\libCMSISv1p30_LPC17xx.a(system_LPC17xx.o)
                0x000010d8                SystemInit
 .text.I2CRead  0x00001304       0x5c C:\Users\mlteh\Documents\LPCXpresso_6.1.4_194\workspace\Lib_EaBaseBoard\Debug\libLib_EaBaseBoard.a(acc.o)
 .text.I2CWrite
                0x00001360       0x5c C:\Users\mlteh\Documents\LPCXpresso_6.1.4_194\workspace\Lib_EaBaseBoard\Debug\libLib_EaBaseBoard.a(acc.o)
 .text.getStatus
                0x000013bc       0x3c C:\Users\mlteh\Documents\LPCXpresso_6.1.4_194\workspace\Lib_EaBaseBoard\Debug\libLib_EaBaseBoard.a(acc.o)
 .text.setModeControl
                0x000013f8       0x30 C:\Users\mlteh\Documents\LPCXpresso_6.1.4_194\workspace\Lib_EaBaseBoard\Debug\libLib_EaBaseBoard.a(acc.o)
 .text.acc_init
                0x00001428       0x10 C:\Users\mlteh\Documents\LPCXpresso_6.1.4_194\workspace\Lib_EaBaseBoard\Debug\libLib_EaBaseBoard.a(acc.o)
                0x00001428                acc_init
 .text.acc_read
                0x00001438       0xbc C:\Users\mlteh\Documents\LPCXpresso_6.1.4_194\workspace\Lib_EaBaseBoard\Debug\libLib_EaBaseBoard.a(acc.o)
                0x00001438                acc_read
 .text.led7seg_init
                0x000014f4       0x24 C:\Users\mlteh\Documents\LPCXpresso_6.1.4_194\workspace\Lib_EaBaseBoard\Debug\libLib_EaBaseBoard.a(led7seg.o)
                0x000014f4                led7seg_init
 .text.led7seg_setChar
                0x00001518       0x88 C:\Users\mlteh\Documents\LPCXpresso_6.1.4_194\workspace\Lib_EaBaseBoard\Debug\libLib_EaBaseBoard.a(led7seg.o)
                0x00001518                led7seg_setChar
 .text.I2CRead  0x000015a0       0x5c C:\Users\mlteh\Documents\LPCXpresso_6.1.4_194\workspace\Lib_EaBaseBoard\Debug\libLib_EaBaseBoard.a(light.o)
 .text.I2CWrite
                0x000015fc       0x5c C:\Users\mlteh\Documents\LPCXpresso_6.1.4_194\workspace\Lib_EaBaseBoard\Debug\libLib_EaBaseBoard.a(light.o)
 .text.readControlReg
                0x00001658       0x3c C:\Users\mlteh\Documents\LPCXpresso_6.1.4_194\workspace\Lib_EaBaseBoard\Debug\libLib_EaBaseBoard.a(light.o)
 .text.light_enable
                0x00001694       0x48 C:\Users\mlteh\Documents\LPCXpresso_6.1.4_194\workspace\Lib_EaBaseBoard\Debug\libLib_EaBaseBoard.a(light.o)
                0x00001694                light_enable
 .text.light_read
                0x000016dc       0x90 C:\Users\mlteh\Documents\LPCXpresso_6.1.4_194\workspace\Lib_EaBaseBoard\Debug\libLib_EaBaseBoard.a(light.o)
                0x000016dc                light_read
 .text.light_setRange
                0x0000176c       0xac C:\Users\mlteh\Documents\LPCXpresso_6.1.4_194\workspace\Lib_EaBaseBoard\Debug\libLib_EaBaseBoard.a(light.o)
                0x0000176c                light_setRange
 .text.light_setHiThreshold
                0x00001818       0x58 C:\Users\mlteh\Documents\LPCXpresso_6.1.4_194\workspace\Lib_EaBaseBoard\Debug\libLib_EaBaseBoard.a(light.o)
                0x00001818                light_setHiThreshold
 .text.light_setLoThreshold
                0x00001870       0x58 C:\Users\mlteh\Documents\LPCXpresso_6.1.4_194\workspace\Lib_EaBaseBoard\Debug\libLib_EaBaseBoard.a(light.o)
                0x00001870                light_setLoThreshold
 .text.light_setIrqInCycles
                0x000018c8       0x48 C:\Users\mlteh\Documents\LPCXpresso_6.1.4_194\workspace\Lib_EaBaseBoard\Debug\libLib_EaBaseBoard.a(light.o)
                0x000018c8                light_setIrqInCycles
 .text.light_clearIrqStatus
                0x00001910       0x3c C:\Users\mlteh\Documents\LPCXpresso_6.1.4_194\workspace\Lib_EaBaseBoard\Debug\libLib_EaBaseBoard.a(light.o)
                0x00001910                light_clearIrqStatus
 .text.writeCommand
                0x0000194c       0x60 C:\Users\mlteh\Documents\LPCXpresso_6.1.4_194\workspace\Lib_EaBaseBoard\Debug\libLib_EaBaseBoard.a(oled.o)
 .text.writeData
                0x000019ac       0x60 C:\Users\mlteh\Documents\LPCXpresso_6.1.4_194\workspace\Lib_EaBaseBoard\Debug\libLib_EaBaseBoard.a(oled.o)
 .text.writeDataLen
                0x00001a0c       0x8c C:\Users\mlteh\Documents\LPCXpresso_6.1.4_194\workspace\Lib_EaBaseBoard\Debug\libLib_EaBaseBoard.a(oled.o)
 .text.runInitSequence
                0x00001a98      0x118 C:\Users\mlteh\Documents\LPCXpresso_6.1.4_194\workspace\Lib_EaBaseBoard\Debug\libLib_EaBaseBoard.a(oled.o)
 .text.oled_init
                0x00001bb0       0x9c C:\Users\mlteh\Documents\LPCXpresso_6.1.4_194\workspace\Lib_EaBaseBoard\Debug\libLib_EaBaseBoard.a(oled.o)
                0x00001bb0                oled_init
 .text.oled_putPixel
                0x00001c4c      0x188 C:\Users\mlteh\Documents\LPCXpresso_6.1.4_194\workspace\Lib_EaBaseBoard\Debug\libLib_EaBaseBoard.a(oled.o)
                0x00001c4c                oled_putPixel
 .text.oled_clearScreen
                0x00001dd4       0x74 C:\Users\mlteh\Documents\LPCXpresso_6.1.4_194\workspace\Lib_EaBaseBoard\Debug\libLib_EaBaseBoard.a(oled.o)
                0x00001dd4                oled_clearScreen
 .text.oled_putChar
                0x00001e48       0xf0 C:\Users\mlteh\Documents\LPCXpresso_6.1.4_194\workspace\Lib_EaBaseBoard\Debug\libLib_EaBaseBoard.a(oled.o)
                0x00001e48                oled_putChar
 .text.oled_putString
                0x00001f38       0x54 C:\Users\mlteh\Documents\LPCXpresso_6.1.4_194\workspace\Lib_EaBaseBoard\Debug\libLib_EaBaseBoard.a(oled.o)
                0x00001f38                oled_putString
 .text.pca9532_init
                0x00001f8c        0xc C:\Users\mlteh\Documents\LPCXpresso_6.1.4_194\workspace\Lib_EaBaseBoard\Debug\libLib_EaBaseBoard.a(pca9532.o)
                0x00001f8c                pca9532_init
 .text.rgb_init
                0x00001f98       0x38 C:\Users\mlteh\Documents\LPCXpresso_6.1.4_194\workspace\Lib_EaBaseBoard\Debug\libLib_EaBaseBoard.a(rgb.o)
                0x00001f98                rgb_init
 .text.temp_init
                0x00001fd0       0x2c C:\Users\mlteh\Documents\LPCXpresso_6.1.4_194\workspace\Lib_EaBaseBoard\Debug\libLib_EaBaseBoard.a(temp.o)
                0x00001fd0                temp_init
 .text.temp_read
                0x00001ffc      0x10c C:\Users\mlteh\Documents\LPCXpresso_6.1.4_194\workspace\Lib_EaBaseBoard\Debug\libLib_EaBaseBoard.a(temp.o)
                0x00001ffc                temp_read
 .text.GPIO_GetPointer
                0x00002108       0x7c C:\Users\mlteh\Documents\LPCXpresso_6.1.4_194\workspace\Lib_MCU\Debug\libLib_MCU.a(lpc17xx_gpio.o)
 .text.GPIO_SetDir
                0x00002184       0x54 C:\Users\mlteh\Documents\LPCXpresso_6.1.4_194\workspace\Lib_MCU\Debug\libLib_MCU.a(lpc17xx_gpio.o)
                0x00002184                GPIO_SetDir
 .text.GPIO_SetValue
                0x000021d8       0x2c C:\Users\mlteh\Documents\LPCXpresso_6.1.4_194\workspace\Lib_MCU\Debug\libLib_MCU.a(lpc17xx_gpio.o)
                0x000021d8                GPIO_SetValue
 .text.GPIO_ClearValue
                0x00002204       0x2c C:\Users\mlteh\Documents\LPCXpresso_6.1.4_194\workspace\Lib_MCU\Debug\libLib_MCU.a(lpc17xx_gpio.o)
                0x00002204                GPIO_ClearValue
 .text.GPIO_ReadValue
                0x00002230       0x30 C:\Users\mlteh\Documents\LPCXpresso_6.1.4_194\workspace\Lib_MCU\Debug\libLib_MCU.a(lpc17xx_gpio.o)
                0x00002230                GPIO_ReadValue
 .text.NVIC_EnableIRQ
                0x00002260       0x38 C:\Users\mlteh\Documents\LPCXpresso_6.1.4_194\workspace\Lib_MCU\Debug\libLib_MCU.a(lpc17xx_i2c.o)
 .text.NVIC_DisableIRQ
                0x00002298       0x3c C:\Users\mlteh\Documents\LPCXpresso_6.1.4_194\workspace\Lib_MCU\Debug\libLib_MCU.a(lpc17xx_i2c.o)
 .text.I2C_getNum
                0x000022d4       0x54 C:\Users\mlteh\Documents\LPCXpresso_6.1.4_194\workspace\Lib_MCU\Debug\libLib_MCU.a(lpc17xx_i2c.o)
 .text.I2C_Start
                0x00002328       0x44 C:\Users\mlteh\Documents\LPCXpresso_6.1.4_194\workspace\Lib_MCU\Debug\libLib_MCU.a(lpc17xx_i2c.o)
 .text.I2C_Stop
                0x0000236c       0x38 C:\Users\mlteh\Documents\LPCXpresso_6.1.4_194\workspace\Lib_MCU\Debug\libLib_MCU.a(lpc17xx_i2c.o)
 .text.I2C_SendByte
                0x000023a4       0x50 C:\Users\mlteh\Documents\LPCXpresso_6.1.4_194\workspace\Lib_MCU\Debug\libLib_MCU.a(lpc17xx_i2c.o)
 .text.I2C_GetByte
                0x000023f4       0x5c C:\Users\mlteh\Documents\LPCXpresso_6.1.4_194\workspace\Lib_MCU\Debug\libLib_MCU.a(lpc17xx_i2c.o)
 .text.I2C_IntCmd
                0x00002450       0xa8 C:\Users\mlteh\Documents\LPCXpresso_6.1.4_194\workspace\Lib_MCU\Debug\libLib_MCU.a(lpc17xx_i2c.o)
                0x00002450                I2C_IntCmd
 .text.I2C_MasterHandler
                0x000024f8      0x408 C:\Users\mlteh\Documents\LPCXpresso_6.1.4_194\workspace\Lib_MCU\Debug\libLib_MCU.a(lpc17xx_i2c.o)
                0x000024f8                I2C_MasterHandler
 .text.I2C_SetClock
                0x00002900       0xc8 C:\Users\mlteh\Documents\LPCXpresso_6.1.4_194\workspace\Lib_MCU\Debug\libLib_MCU.a(lpc17xx_i2c.o)
                0x00002900                I2C_SetClock
 .text.I2C_Init
                0x000029c8       0xd8 C:\Users\mlteh\Documents\LPCXpresso_6.1.4_194\workspace\Lib_MCU\Debug\libLib_MCU.a(lpc17xx_i2c.o)
                0x000029c8                I2C_Init
 .text.I2C_Cmd  0x00002aa0       0x84 C:\Users\mlteh\Documents\LPCXpresso_6.1.4_194\workspace\Lib_MCU\Debug\libLib_MCU.a(lpc17xx_i2c.o)
                0x00002aa0                I2C_Cmd
 .text.I2C_MasterTransferData
                0x00002b24      0x390 C:\Users\mlteh\Documents\LPCXpresso_6.1.4_194\workspace\Lib_MCU\Debug\libLib_MCU.a(lpc17xx_i2c.o)
                0x00002b24                I2C_MasterTransferData
 .text.PINSEL_SetPinFunc
                0x00002eb4       0x9c C:\Users\mlteh\Documents\LPCXpresso_6.1.4_194\workspace\Lib_MCU\Debug\libLib_MCU.a(lpc17xx_pinsel.o)
                0x00002eb4                PINSEL_SetPinFunc
 .text.PINSEL_SetResistorMode
                0x00002f50       0x9c C:\Users\mlteh\Documents\LPCXpresso_6.1.4_194\workspace\Lib_MCU\Debug\libLib_MCU.a(lpc17xx_pinsel.o)
                0x00002f50                PINSEL_SetResistorMode
 .text.PINSEL_SetOpenDrainMode
                0x00002fec       0x7c C:\Users\mlteh\Documents\LPCXpresso_6.1.4_194\workspace\Lib_MCU\Debug\libLib_MCU.a(lpc17xx_pinsel.o)
                0x00002fec                PINSEL_SetOpenDrainMode
 .text.PINSEL_ConfigPin
                0x00003068       0x54 C:\Users\mlteh\Documents\LPCXpresso_6.1.4_194\workspace\Lib_MCU\Debug\libLib_MCU.a(lpc17xx_pinsel.o)
                0x00003068                PINSEL_ConfigPin
 .text.SSP_getNum
                0x000030bc       0x40 C:\Users\mlteh\Documents\LPCXpresso_6.1.4_194\workspace\Lib_MCU\Debug\libLib_MCU.a(lpc17xx_ssp.o)
 .text.SSP_IntHandler
                0x000030fc      0x338 C:\Users\mlteh\Documents\LPCXpresso_6.1.4_194\workspace\Lib_MCU\Debug\libLib_MCU.a(lpc17xx_ssp.o)
                0x000030fc                SSP_IntHandler
 .text.SSP_SetClock
                0x00003434       0xf8 C:\Users\mlteh\Documents\LPCXpresso_6.1.4_194\workspace\Lib_MCU\Debug\libLib_MCU.a(lpc17xx_ssp.o)
                0x00003434                SSP_SetClock
 .text.SSP_Init
                0x0000352c      0x10c C:\Users\mlteh\Documents\LPCXpresso_6.1.4_194\workspace\Lib_MCU\Debug\libLib_MCU.a(lpc17xx_ssp.o)
                0x0000352c                SSP_Init
 .text.SSP_ConfigStructInit
                0x00003638       0x48 C:\Users\mlteh\Documents\LPCXpresso_6.1.4_194\workspace\Lib_MCU\Debug\libLib_MCU.a(lpc17xx_ssp.o)
                0x00003638                SSP_ConfigStructInit
 .text.SSP_Cmd  0x00003680       0x7c C:\Users\mlteh\Documents\LPCXpresso_6.1.4_194\workspace\Lib_MCU\Debug\libLib_MCU.a(lpc17xx_ssp.o)
                0x00003680                SSP_Cmd
 .text.SSP_SendData
                0x000036fc       0x48 C:\Users\mlteh\Documents\LPCXpresso_6.1.4_194\workspace\Lib_MCU\Debug\libLib_MCU.a(lpc17xx_ssp.o)
                0x000036fc                SSP_SendData
 .text.SSP_ReceiveData
                0x00003744       0x44 C:\Users\mlteh\Documents\LPCXpresso_6.1.4_194\workspace\Lib_MCU\Debug\libLib_MCU.a(lpc17xx_ssp.o)
                0x00003744                SSP_ReceiveData
 .text.SSP_ReadWrite
                0x00003788      0x440 C:\Users\mlteh\Documents\LPCXpresso_6.1.4_194\workspace\Lib_MCU\Debug\libLib_MCU.a(lpc17xx_ssp.o)
                0x00003788                SSP_ReadWrite
 .text.TIM_GetPClock
                0x00003bc8       0x68 C:\Users\mlteh\Documents\LPCXpresso_6.1.4_194\workspace\Lib_MCU\Debug\libLib_MCU.a(lpc17xx_timer.o)
                0x00003bc8                TIM_GetPClock
 .text.TIM_ConverUSecToVal
                0x00003c30       0x64 C:\Users\mlteh\Documents\LPCXpresso_6.1.4_194\workspace\Lib_MCU\Debug\libLib_MCU.a(lpc17xx_timer.o)
                0x00003c30                TIM_ConverUSecToVal
 .text.TIM_ConverPtrToTimeNum
                0x00003c94       0x6c C:\Users\mlteh\Documents\LPCXpresso_6.1.4_194\workspace\Lib_MCU\Debug\libLib_MCU.a(lpc17xx_timer.o)
                0x00003c94                TIM_ConverPtrToTimeNum
 .text.TIM_GetIntStatus
                0x00003d00       0xb4 C:\Users\mlteh\Documents\LPCXpresso_6.1.4_194\workspace\Lib_MCU\Debug\libLib_MCU.a(lpc17xx_timer.o)
                0x00003d00                TIM_GetIntStatus
 .text.TIM_ClearIntPending
                0x00003db4       0xa0 C:\Users\mlteh\Documents\LPCXpresso_6.1.4_194\workspace\Lib_MCU\Debug\libLib_MCU.a(lpc17xx_timer.o)
                0x00003db4                TIM_ClearIntPending
 .text.TIM_Init
                0x00003e54      0x1bc C:\Users\mlteh\Documents\LPCXpresso_6.1.4_194\workspace\Lib_MCU\Debug\libLib_MCU.a(lpc17xx_timer.o)
                0x00003e54                TIM_Init
 .text.TIM_Cmd  0x00004010       0x78 C:\Users\mlteh\Documents\LPCXpresso_6.1.4_194\workspace\Lib_MCU\Debug\libLib_MCU.a(lpc17xx_timer.o)
                0x00004010                TIM_Cmd
 .text.TIM_ConfigMatch
                0x00004088      0x19c C:\Users\mlteh\Documents\LPCXpresso_6.1.4_194\workspace\Lib_MCU\Debug\libLib_MCU.a(lpc17xx_timer.o)
                0x00004088                TIM_ConfigMatch
 .text.Timer0_Wait
                0x00004224       0x8c C:\Users\mlteh\Documents\LPCXpresso_6.1.4_194\workspace\Lib_MCU\Debug\libLib_MCU.a(lpc17xx_timer.o)
                0x00004224                Timer0_Wait
 .text.uart_set_divisors
                0x000042b0      0x26c C:\Users\mlteh\Documents\LPCXpresso_6.1.4_194\workspace\Lib_MCU\Debug\libLib_MCU.a(lpc17xx_uart.o)
                0x000042b0                uart_set_divisors
 .text.UART_Init
                0x0000451c      0x368 C:\Users\mlteh\Documents\LPCXpresso_6.1.4_194\workspace\Lib_MCU\Debug\libLib_MCU.a(lpc17xx_uart.o)
                0x0000451c                UART_Init
 .text.UART_SendData
                0x00004884       0x78 C:\Users\mlteh\Documents\LPCXpresso_6.1.4_194\workspace\Lib_MCU\Debug\libLib_MCU.a(lpc17xx_uart.o)
                0x00004884                UART_SendData
 .text.UART_TxCmd
                0x000048fc       0xe8 C:\Users\mlteh\Documents\LPCXpresso_6.1.4_194\workspace\Lib_MCU\Debug\libLib_MCU.a(lpc17xx_uart.o)
                0x000048fc                UART_TxCmd
 .text.UART_Send
                0x000049e4      0x10c C:\Users\mlteh\Documents\LPCXpresso_6.1.4_194\workspace\Lib_MCU\Debug\libLib_MCU.a(lpc17xx_uart.o)
                0x000049e4                UART_Send
 .text.CLKPWR_SetPCLKDiv
                0x00004af0       0xcc C:\Users\mlteh\Documents\LPCXpresso_6.1.4_194\workspace\Lib_MCU\Debug\libLib_MCU.a(lpc17xx_clkpwr.o)
                0x00004af0                CLKPWR_SetPCLKDiv
 .text.CLKPWR_GetPCLKSEL
                0x00004bbc       0x54 C:\Users\mlteh\Documents\LPCXpresso_6.1.4_194\workspace\Lib_MCU\Debug\libLib_MCU.a(lpc17xx_clkpwr.o)
                0x00004bbc                CLKPWR_GetPCLKSEL
 .text.CLKPWR_GetPCLK
                0x00004c10       0x74 C:\Users\mlteh\Documents\LPCXpresso_6.1.4_194\workspace\Lib_MCU\Debug\libLib_MCU.a(lpc17xx_clkpwr.o)
                0x00004c10                CLKPWR_GetPCLK
 .text.CLKPWR_ConfigPPWR
                0x00004c84       0x78 C:\Users\mlteh\Documents\LPCXpresso_6.1.4_194\workspace\Lib_MCU\Debug\libLib_MCU.a(lpc17xx_clkpwr.o)
                0x00004c84                CLKPWR_ConfigPPWR
 .text          0x00004cfc      0x370 c:/nxp/lpcxpresso_6.1.4_194/lpcxpresso/tools/bin/../lib/gcc/arm-none-eabi/4.6.2/armv7-m\libgcc.a(_arm_addsubdf3.o)
                0x00004cfc                __aeabi_drsub
                0x00004d04                __aeabi_dsub
                0x00004d04                __subdf3
                0x00004d08                __aeabi_dadd
                0x00004d08                __adddf3
                0x00004f80                __floatunsidf
                0x00004f80                __aeabi_ui2d
                0x00004fa0                __floatsidf
                0x00004fa0                __aeabi_i2d
                0x00004fc4                __aeabi_f2d
                0x00004fc4                __extendsfdf2
                0x00005000                __floatundidf
                0x00005000                __aeabi_ul2d
                0x00005010                __floatdidf
                0x00005010                __aeabi_l2d
 .text          0x0000506c      0x424 c:/nxp/lpcxpresso_6.1.4_194/lpcxpresso/tools/bin/../lib/gcc/arm-none-eabi/4.6.2/armv7-m\libgcc.a(_arm_muldivdf3.o)
                0x0000506c                __aeabi_dmul
                0x0000506c                __muldf3
                0x000052c0                __divdf3
                0x000052c0                __aeabi_ddiv
 .text          0x00005490       0x50 c:/nxp/lpcxpresso_6.1.4_194/lpcxpresso/tools/bin/../lib/gcc/arm-none-eabi/4.6.2/armv7-m\libgcc.a(_arm_fixdfsi.o)
                0x00005490                __aeabi_d2iz
                0x00005490                __fixdfsi
 .text          0x000054e0       0xa0 c:/nxp/lpcxpresso_6.1.4_194/lpcxpresso/tools/bin/../lib/gcc/arm-none-eabi/4.6.2/armv7-m\libgcc.a(_arm_truncdfsf2.o)
                0x000054e0                __truncdfsf2
                0x000054e0                __aeabi_d2f
 .text          0x00005580       0xec c:/nxp/lpcxpresso_6.1.4_194/lpcxpresso/tools/bin/../lib/gcc/arm-none-eabi/4.6.2/armv7-m\libgcc.a(_arm_cmpsf2.o)
                0x00005580                __gesf2
                0x00005580                __gtsf2
                0x00005588                __lesf2
                0x00005588                __ltsf2
                0x00005590                __nesf2
                0x00005590                __eqsf2
                0x00005590                __cmpsf2
                0x000055f0                __aeabi_cfrcmple
                0x000055f8                __aeabi_cfcmpeq
                0x000055f8                __aeabi_cfcmple
                0x00005608                __aeabi_fcmpeq
                0x0000561c                __aeabi_fcmplt
                0x00005630                __aeabi_fcmple
                0x00005644                __aeabi_fcmpge
                0x00005658                __aeabi_fcmpgt
 .text          0x0000566c       0x2c c:/nxp/lpcxpresso_6.1.4_194/lpcxpresso/tools/bin/../lib/gcc/arm-none-eabi/4.6.2/armv7-m\libgcc.a(_aeabi_uldivmod.o)
                0x0000566c                __aeabi_uldivmod
 .text          0x00005698       0x5c c:/nxp/lpcxpresso_6.1.4_194/lpcxpresso/tools/bin/../lib/gcc/arm-none-eabi/4.6.2/armv7-m\libgcc.a(bpabi.o)
                0x00005698                __gnu_ldivmod_helper
                0x000056c8                __gnu_uldivmod_helper
 .text          0x000056f4        0x4 c:/nxp/lpcxpresso_6.1.4_194/lpcxpresso/tools/bin/../lib/gcc/arm-none-eabi/4.6.2/armv7-m\libgcc.a(_dvmd_tls.o)
                0x000056f4                __aeabi_idiv0
                0x000056f4                __aeabi_ldiv0
 .text          0x000056f8      0x2c8 c:/nxp/lpcxpresso_6.1.4_194/lpcxpresso/tools/bin/../lib/gcc/arm-none-eabi/4.6.2/armv7-m\libgcc.a(_divdi3.o)
                0x000056f8                __divdi3
 .text          0x000059c0      0x298 c:/nxp/lpcxpresso_6.1.4_194/lpcxpresso/tools/bin/../lib/gcc/arm-none-eabi/4.6.2/armv7-m\libgcc.a(_udivdi3.o)
                0x000059c0                __udivdi3
 .text.asprintf
                0x00005c58       0x54 c:/nxp/lpcxpresso_6.1.4_194/lpcxpresso/tools/bin/../lib/gcc/arm-none-eabi/4.6.2/../../../../arm-none-eabi/lib/armv7-m\libc.a(lib_a-asprintf.o)
                0x00005c58                asprintf
 .text.memset   0x00005cac       0x90 c:/nxp/lpcxpresso_6.1.4_194/lpcxpresso/tools/bin/../lib/gcc/arm-none-eabi/4.6.2/../../../../arm-none-eabi/lib/armv7-m\libc.a(lib_a-memset.o)
                0x00005cac                memset
 .text.printf   0x00005d3c       0x2c c:/nxp/lpcxpresso_6.1.4_194/lpcxpresso/tools/bin/../lib/gcc/arm-none-eabi/4.6.2/../../../../arm-none-eabi/lib/armv7-m\libc.a(lib_a-printf.o)
                0x00005d3c                printf
 .text.sprintf  0x00005d68       0x50 c:/nxp/lpcxpresso_6.1.4_194/lpcxpresso/tools/bin/../lib/gcc/arm-none-eabi/4.6.2/../../../../arm-none-eabi/lib/armv7-m\libc.a(lib_a-sprintf.o)
                0x00005d68                sprintf
 .text.strlen   0x00005db8       0x60 c:/nxp/lpcxpresso_6.1.4_194/lpcxpresso/tools/bin/../lib/gcc/arm-none-eabi/4.6.2/../../../../arm-none-eabi/lib/armv7-m\libc.a(lib_a-strlen.o)
                0x00005db8                strlen
 .text._svfprintf_r
                0x00005e18     0x1408 c:/nxp/lpcxpresso_6.1.4_194/lpcxpresso/tools/bin/../lib/gcc/arm-none-eabi/4.6.2/../../../../arm-none-eabi/lib/armv7-m\libc.a(lib_a-svfprintf.o)
                0x00005e18                _svfprintf_r
 .text._vfprintf_r
                0x00007220     0x171c c:/nxp/lpcxpresso_6.1.4_194/lpcxpresso/tools/bin/../lib/gcc/arm-none-eabi/4.6.2/../../../../arm-none-eabi/lib/armv7-m\libc.a(lib_a-vfprintf.o)
                0x00007220                _vfprintf_r
 .text.__swsetup_r
                0x0000893c       0xb8 c:/nxp/lpcxpresso_6.1.4_194/lpcxpresso/tools/bin/../lib/gcc/arm-none-eabi/4.6.2/../../../../arm-none-eabi/lib/armv7-m\libc.a(lib_a-wsetup.o)
                0x0000893c                __swsetup_r
 .text.quorem   0x000089f4      0x150 c:/nxp/lpcxpresso_6.1.4_194/lpcxpresso/tools/bin/../lib/gcc/arm-none-eabi/4.6.2/../../../../arm-none-eabi/lib/armv7-m\libc.a(lib_a-dtoa.o)
 *fill*         0x00008b44        0x4 00
 .text._dtoa_r  0x00008b48      0xe60 c:/nxp/lpcxpresso_6.1.4_194/lpcxpresso/tools/bin/../lib/gcc/arm-none-eabi/4.6.2/../../../../arm-none-eabi/lib/armv7-m\libc.a(lib_a-dtoa.o)
                0x00008b48                _dtoa_r
 .text._fflush_r
                0x000099a8      0x16c c:/nxp/lpcxpresso_6.1.4_194/lpcxpresso/tools/bin/../lib/gcc/arm-none-eabi/4.6.2/../../../../arm-none-eabi/lib/armv7-m\libc.a(lib_a-fflush.o)
                0x000099a8                _fflush_r
 .text._cleanup_r
                0x00009b14        0xc c:/nxp/lpcxpresso_6.1.4_194/lpcxpresso/tools/bin/../lib/gcc/arm-none-eabi/4.6.2/../../../../arm-none-eabi/lib/armv7-m\libc.a(lib_a-findfp.o)
                0x00009b14                _cleanup_r
 .text.std.isra.0
                0x00009b20       0x50 c:/nxp/lpcxpresso_6.1.4_194/lpcxpresso/tools/bin/../lib/gcc/arm-none-eabi/4.6.2/../../../../arm-none-eabi/lib/armv7-m\libc.a(lib_a-findfp.o)
 .text.__sinit  0x00009b70       0x4c c:/nxp/lpcxpresso_6.1.4_194/lpcxpresso/tools/bin/../lib/gcc/arm-none-eabi/4.6.2/../../../../arm-none-eabi/lib/armv7-m\libc.a(lib_a-findfp.o)
                0x00009b70                __sinit
 .text.__sfp_lock_acquire
                0x00009bbc        0x4 c:/nxp/lpcxpresso_6.1.4_194/lpcxpresso/tools/bin/../lib/gcc/arm-none-eabi/4.6.2/../../../../arm-none-eabi/lib/armv7-m\libc.a(lib_a-findfp.o)
                0x00009bbc                __sfp_lock_acquire
 .text.__sfp_lock_release
                0x00009bc0        0x4 c:/nxp/lpcxpresso_6.1.4_194/lpcxpresso/tools/bin/../lib/gcc/arm-none-eabi/4.6.2/../../../../arm-none-eabi/lib/armv7-m\libc.a(lib_a-findfp.o)
                0x00009bc0                __sfp_lock_release
 .text._malloc_trim_r
                0x00009bc4       0xa0 c:/nxp/lpcxpresso_6.1.4_194/lpcxpresso/tools/bin/../lib/gcc/arm-none-eabi/4.6.2/../../../../arm-none-eabi/lib/armv7-m\libc.a(lib_a-freer.o)
                0x00009bc4                _malloc_trim_r
 .text._free_r  0x00009c64      0x190 c:/nxp/lpcxpresso_6.1.4_194/lpcxpresso/tools/bin/../lib/gcc/arm-none-eabi/4.6.2/../../../../arm-none-eabi/lib/armv7-m\libc.a(lib_a-freer.o)
                0x00009c64                _free_r
 .text._fwalk   0x00009df4       0x54 c:/nxp/lpcxpresso_6.1.4_194/lpcxpresso/tools/bin/../lib/gcc/arm-none-eabi/4.6.2/../../../../arm-none-eabi/lib/armv7-m\libc.a(lib_a-fwalk.o)
                0x00009df4                _fwalk
 .text.__locale_charset
                0x00009e48        0xc c:/nxp/lpcxpresso_6.1.4_194/lpcxpresso/tools/bin/../lib/gcc/arm-none-eabi/4.6.2/../../../../arm-none-eabi/lib/armv7-m\libc.a(lib_a-locale.o)
                0x00009e48                __locale_charset
 .text.__locale_mb_cur_max
                0x00009e54        0xc c:/nxp/lpcxpresso_6.1.4_194/lpcxpresso/tools/bin/../lib/gcc/arm-none-eabi/4.6.2/../../../../arm-none-eabi/lib/armv7-m\libc.a(lib_a-locale.o)
                0x00009e54                __locale_mb_cur_max
 .text._localeconv_r
                0x00009e60        0xc c:/nxp/lpcxpresso_6.1.4_194/lpcxpresso/tools/bin/../lib/gcc/arm-none-eabi/4.6.2/../../../../arm-none-eabi/lib/armv7-m\libc.a(lib_a-locale.o)
                0x00009e60                _localeconv_r
 .text.__smakebuf_r
                0x00009e6c       0xe0 c:/nxp/lpcxpresso_6.1.4_194/lpcxpresso/tools/bin/../lib/gcc/arm-none-eabi/4.6.2/../../../../arm-none-eabi/lib/armv7-m\libc.a(lib_a-makebuf.o)
                0x00009e6c                __smakebuf_r
 .text._malloc_r
                0x00009f4c      0x528 c:/nxp/lpcxpresso_6.1.4_194/lpcxpresso/tools/bin/../lib/gcc/arm-none-eabi/4.6.2/../../../../arm-none-eabi/lib/armv7-m\libc.a(lib_a-mallocr.o)
                0x00009f4c                _malloc_r
 .text.memchr   0x0000a474       0x84 c:/nxp/lpcxpresso_6.1.4_194/lpcxpresso/tools/bin/../lib/gcc/arm-none-eabi/4.6.2/../../../../arm-none-eabi/lib/armv7-m\libc.a(lib_a-memchr.o)
                0x0000a474                memchr
 .text.memcpy   0x0000a4f8       0x84 c:/nxp/lpcxpresso_6.1.4_194/lpcxpresso/tools/bin/../lib/gcc/arm-none-eabi/4.6.2/../../../../arm-none-eabi/lib/armv7-m\libc.a(lib_a-memcpy.o)
                0x0000a4f8                memcpy
 .text.__malloc_lock
                0x0000a57c        0x4 c:/nxp/lpcxpresso_6.1.4_194/lpcxpresso/tools/bin/../lib/gcc/arm-none-eabi/4.6.2/../../../../arm-none-eabi/lib/armv7-m\libc.a(lib_a-mlock.o)
                0x0000a57c                __malloc_lock
 .text.__malloc_unlock
                0x0000a580        0x4 c:/nxp/lpcxpresso_6.1.4_194/lpcxpresso/tools/bin/../lib/gcc/arm-none-eabi/4.6.2/../../../../arm-none-eabi/lib/armv7-m\libc.a(lib_a-mlock.o)
                0x0000a580                __malloc_unlock
 .text._Balloc  0x0000a584       0x4c c:/nxp/lpcxpresso_6.1.4_194/lpcxpresso/tools/bin/../lib/gcc/arm-none-eabi/4.6.2/../../../../arm-none-eabi/lib/armv7-m\libc.a(lib_a-mprec.o)
                0x0000a584                _Balloc
 .text._Bfree   0x0000a5d0       0x14 c:/nxp/lpcxpresso_6.1.4_194/lpcxpresso/tools/bin/../lib/gcc/arm-none-eabi/4.6.2/../../../../arm-none-eabi/lib/armv7-m\libc.a(lib_a-mprec.o)
                0x0000a5d0                _Bfree
 .text.__multadd
                0x0000a5e4       0x84 c:/nxp/lpcxpresso_6.1.4_194/lpcxpresso/tools/bin/../lib/gcc/arm-none-eabi/4.6.2/../../../../arm-none-eabi/lib/armv7-m\libc.a(lib_a-mprec.o)
                0x0000a5e4                __multadd
 .text.__hi0bits
                0x0000a668       0x3c c:/nxp/lpcxpresso_6.1.4_194/lpcxpresso/tools/bin/../lib/gcc/arm-none-eabi/4.6.2/../../../../arm-none-eabi/lib/armv7-m\libc.a(lib_a-mprec.o)
                0x0000a668                __hi0bits
 .text.__lo0bits
                0x0000a6a4       0x5c c:/nxp/lpcxpresso_6.1.4_194/lpcxpresso/tools/bin/../lib/gcc/arm-none-eabi/4.6.2/../../../../arm-none-eabi/lib/armv7-m\libc.a(lib_a-mprec.o)
                0x0000a6a4                __lo0bits
 .text.__i2b    0x0000a700       0x14 c:/nxp/lpcxpresso_6.1.4_194/lpcxpresso/tools/bin/../lib/gcc/arm-none-eabi/4.6.2/../../../../arm-none-eabi/lib/armv7-m\libc.a(lib_a-mprec.o)
                0x0000a700                __i2b
 .text.__multiply
                0x0000a714      0x144 c:/nxp/lpcxpresso_6.1.4_194/lpcxpresso/tools/bin/../lib/gcc/arm-none-eabi/4.6.2/../../../../arm-none-eabi/lib/armv7-m\libc.a(lib_a-mprec.o)
                0x0000a714                __multiply
 .text.__pow5mult
                0x0000a858       0x98 c:/nxp/lpcxpresso_6.1.4_194/lpcxpresso/tools/bin/../lib/gcc/arm-none-eabi/4.6.2/../../../../arm-none-eabi/lib/armv7-m\libc.a(lib_a-mprec.o)
                0x0000a858                __pow5mult
 .text.__lshift
                0x0000a8f0       0xc0 c:/nxp/lpcxpresso_6.1.4_194/lpcxpresso/tools/bin/../lib/gcc/arm-none-eabi/4.6.2/../../../../arm-none-eabi/lib/armv7-m\libc.a(lib_a-mprec.o)
                0x0000a8f0                __lshift
 .text.__mcmp   0x0000a9b0       0x3c c:/nxp/lpcxpresso_6.1.4_194/lpcxpresso/tools/bin/../lib/gcc/arm-none-eabi/4.6.2/../../../../arm-none-eabi/lib/armv7-m\libc.a(lib_a-mprec.o)
                0x0000a9b0                __mcmp
 .text.__mdiff  0x0000a9ec       0xd8 c:/nxp/lpcxpresso_6.1.4_194/lpcxpresso/tools/bin/../lib/gcc/arm-none-eabi/4.6.2/../../../../arm-none-eabi/lib/armv7-m\libc.a(lib_a-mprec.o)
                0x0000a9ec                __mdiff
 .text.__d2b    0x0000aac4       0xcc c:/nxp/lpcxpresso_6.1.4_194/lpcxpresso/tools/bin/../lib/gcc/arm-none-eabi/4.6.2/../../../../arm-none-eabi/lib/armv7-m\libc.a(lib_a-mprec.o)
                0x0000aac4                __d2b
 .text.__fpclassifyd
                0x0000ab90       0x68 c:/nxp/lpcxpresso_6.1.4_194/lpcxpresso/tools/bin/../lib/gcc/arm-none-eabi/4.6.2/../../../../arm-none-eabi/lib/armv7-m\libc.a(lib_a-s_fpclassify.o)
                0x0000ab90                __fpclassifyd
 .text._sbrk_r  0x0000abf8       0x24 c:/nxp/lpcxpresso_6.1.4_194/lpcxpresso/tools/bin/../lib/gcc/arm-none-eabi/4.6.2/../../../../arm-none-eabi/lib/armv7-m\libc.a(lib_a-sbrkr.o)
                0x0000abf8                _sbrk_r
 .text.__sread  0x0000ac1c       0x24 c:/nxp/lpcxpresso_6.1.4_194/lpcxpresso/tools/bin/../lib/gcc/arm-none-eabi/4.6.2/../../../../arm-none-eabi/lib/armv7-m\libc.a(lib_a-stdio.o)
                0x0000ac1c                __sread
 .text.__swrite
                0x0000ac40       0x40 c:/nxp/lpcxpresso_6.1.4_194/lpcxpresso/tools/bin/../lib/gcc/arm-none-eabi/4.6.2/../../../../arm-none-eabi/lib/armv7-m\libc.a(lib_a-stdio.o)
                0x0000ac40                __swrite
 .text.__sseek  0x0000ac80       0x24 c:/nxp/lpcxpresso_6.1.4_194/lpcxpresso/tools/bin/../lib/gcc/arm-none-eabi/4.6.2/../../../../arm-none-eabi/lib/armv7-m\libc.a(lib_a-stdio.o)
                0x0000ac80                __sseek
 .text.__sclose
                0x0000aca4        0x8 c:/nxp/lpcxpresso_6.1.4_194/lpcxpresso/tools/bin/../lib/gcc/arm-none-eabi/4.6.2/../../../../arm-none-eabi/lib/armv7-m\libc.a(lib_a-stdio.o)
                0x0000aca4                __sclose
 .text.__ssprint_r
                0x0000acac       0xf8 c:/nxp/lpcxpresso_6.1.4_194/lpcxpresso/tools/bin/../lib/gcc/arm-none-eabi/4.6.2/../../../../arm-none-eabi/lib/armv7-m\libc.a(lib_a-svfiprintf.o)
                0x0000acac                __ssprint_r
 .text.__sprint_r
                0x0000ada4       0x80 c:/nxp/lpcxpresso_6.1.4_194/lpcxpresso/tools/bin/../lib/gcc/arm-none-eabi/4.6.2/../../../../arm-none-eabi/lib/armv7-m\libc.a(lib_a-vfiprintf.o)
                0x0000ada4                __sprint_r
 .text._write_r
                0x0000ae24       0x28 c:/nxp/lpcxpresso_6.1.4_194/lpcxpresso/tools/bin/../lib/gcc/arm-none-eabi/4.6.2/../../../../arm-none-eabi/lib/armv7-m\libc.a(lib_a-writer.o)
                0x0000ae24                _write_r
 .text._calloc_r
                0x0000ae4c       0x60 c:/nxp/lpcxpresso_6.1.4_194/lpcxpresso/tools/bin/../lib/gcc/arm-none-eabi/4.6.2/../../../../arm-none-eabi/lib/armv7-m\libc.a(lib_a-callocr.o)
                0x0000ae4c                _calloc_r
 .text._close_r
                0x0000aeac       0x24 c:/nxp/lpcxpresso_6.1.4_194/lpcxpresso/tools/bin/../lib/gcc/arm-none-eabi/4.6.2/../../../../arm-none-eabi/lib/armv7-m\libc.a(lib_a-closer.o)
                0x0000aeac                _close_r
 .text._fclose_r
                0x0000aed0       0x90 c:/nxp/lpcxpresso_6.1.4_194/lpcxpresso/tools/bin/../lib/gcc/arm-none-eabi/4.6.2/../../../../arm-none-eabi/lib/armv7-m\libc.a(lib_a-fclose.o)
                0x0000aed0                _fclose_r
 .text.fclose   0x0000af60       0x14 c:/nxp/lpcxpresso_6.1.4_194/lpcxpresso/tools/bin/../lib/gcc/arm-none-eabi/4.6.2/../../../../arm-none-eabi/lib/armv7-m\libc.a(lib_a-fclose.o)
                0x0000af60                fclose
 .text._fputwc_r
                0x0000af74       0xd0 c:/nxp/lpcxpresso_6.1.4_194/lpcxpresso/tools/bin/../lib/gcc/arm-none-eabi/4.6.2/../../../../arm-none-eabi/lib/armv7-m\libc.a(lib_a-fputwc.o)
                0x0000af74                _fputwc_r
 .text._fstat_r
                0x0000b044       0x28 c:/nxp/lpcxpresso_6.1.4_194/lpcxpresso/tools/bin/../lib/gcc/arm-none-eabi/4.6.2/../../../../arm-none-eabi/lib/armv7-m\libc.a(lib_a-fstatr.o)
                0x0000b044                _fstat_r
 .text.__sfvwrite_r
                0x0000b06c      0x2e8 c:/nxp/lpcxpresso_6.1.4_194/lpcxpresso/tools/bin/../lib/gcc/arm-none-eabi/4.6.2/../../../../arm-none-eabi/lib/armv7-m\libc.a(lib_a-fvwrite.o)
                0x0000b06c                __sfvwrite_r
 .text._isatty_r
                0x0000b354       0x24 c:/nxp/lpcxpresso_6.1.4_194/lpcxpresso/tools/bin/../lib/gcc/arm-none-eabi/4.6.2/../../../../arm-none-eabi/lib/armv7-m\libc.a(lib_a-isattyr.o)
                0x0000b354                _isatty_r
 .text._lseek_r
                0x0000b378       0x28 c:/nxp/lpcxpresso_6.1.4_194/lpcxpresso/tools/bin/../lib/gcc/arm-none-eabi/4.6.2/../../../../arm-none-eabi/lib/armv7-m\libc.a(lib_a-lseekr.o)
                0x0000b378                _lseek_r
 .text.memmove  0x0000b3a0       0xb0 c:/nxp/lpcxpresso_6.1.4_194/lpcxpresso/tools/bin/../lib/gcc/arm-none-eabi/4.6.2/../../../../arm-none-eabi/lib/armv7-m\libc.a(lib_a-memmove.o)
                0x0000b3a0                memmove
 .text._read_r  0x0000b450       0x28 c:/nxp/lpcxpresso_6.1.4_194/lpcxpresso/tools/bin/../lib/gcc/arm-none-eabi/4.6.2/../../../../arm-none-eabi/lib/armv7-m\libc.a(lib_a-readr.o)
                0x0000b450                _read_r
 .text._realloc_r
                0x0000b478      0x3f4 c:/nxp/lpcxpresso_6.1.4_194/lpcxpresso/tools/bin/../lib/gcc/arm-none-eabi/4.6.2/../../../../arm-none-eabi/lib/armv7-m\libc.a(lib_a-reallocr.o)
                0x0000b478                _realloc_r
 .text.__swbuf_r
                0x0000b86c       0xc0 c:/nxp/lpcxpresso_6.1.4_194/lpcxpresso/tools/bin/../lib/gcc/arm-none-eabi/4.6.2/../../../../arm-none-eabi/lib/armv7-m\libc.a(lib_a-wbuf.o)
                0x0000b86c                __swbuf_r
 .text._wcrtomb_r
                0x0000b92c       0x4c c:/nxp/lpcxpresso_6.1.4_194/lpcxpresso/tools/bin/../lib/gcc/arm-none-eabi/4.6.2/../../../../arm-none-eabi/lib/armv7-m\libc.a(lib_a-wcrtomb.o)
                0x0000b92c                _wcrtomb_r
 .text.__ascii_wctomb
                0x0000b978       0x1c c:/nxp/lpcxpresso_6.1.4_194/lpcxpresso/tools/bin/../lib/gcc/arm-none-eabi/4.6.2/../../../../arm-none-eabi/lib/armv7-m\libc.a(lib_a-wctomb_r.o)
                0x0000b978                __ascii_wctomb
 .text.sqrt     0x0000b994       0xa8 c:/nxp/lpcxpresso_6.1.4_194/lpcxpresso/tools/bin/../lib/gcc/arm-none-eabi/4.6.2/../../../../arm-none-eabi/lib/armv7-m\libm.a(lib_a-w_sqrt.o)
                0x0000b994                sqrt
 .text.__ieee754_sqrt
                0x0000ba3c      0x1b4 c:/nxp/lpcxpresso_6.1.4_194/lpcxpresso/tools/bin/../lib/gcc/arm-none-eabi/4.6.2/../../../../arm-none-eabi/lib/armv7-m\libm.a(lib_a-e_sqrt.o)
                0x0000ba3c                __ieee754_sqrt
 .text.matherr  0x0000bbf0        0x4 c:/nxp/lpcxpresso_6.1.4_194/lpcxpresso/tools/bin/../lib/gcc/arm-none-eabi/4.6.2/../../../../arm-none-eabi/lib/armv7-m\libm.a(lib_a-s_matherr.o)
                0x0000bbf0                matherr
 .text._sbrk    0x0000bbf4       0x3c c:/nxp/lpcxpresso_6.1.4_194/lpcxpresso/tools/bin/../lib/gcc/arm-none-eabi/4.6.2/../../../../arm-none-eabi/lib/armv7-m\libcr_newlib_semihost.a(_cr_sbrk.o)
                0x0000bbf4                _sbrk
 .text.do_AngelSWI
                0x0000bc30       0x12 c:/nxp/lpcxpresso_6.1.4_194/lpcxpresso/tools/bin/../lib/gcc/arm-none-eabi/4.6.2/../../../../arm-none-eabi/lib/armv7-m\libcr_newlib_semihost.a(syscalls.o)
 *fill*         0x0000bc42        0x2 00
 .text.initialise_monitor_handles
                0x0000bc44       0x9c c:/nxp/lpcxpresso_6.1.4_194/lpcxpresso/tools/bin/../lib/gcc/arm-none-eabi/4.6.2/../../../../arm-none-eabi/lib/armv7-m\libcr_newlib_semihost.a(syscalls.o)
 .text.findslot
                0x0000bce0       0x2c c:/nxp/lpcxpresso_6.1.4_194/lpcxpresso/tools/bin/../lib/gcc/arm-none-eabi/4.6.2/../../../../arm-none-eabi/lib/armv7-m\libcr_newlib_semihost.a(syscalls.o)
 .text.error    0x0000bd0c       0x18 c:/nxp/lpcxpresso_6.1.4_194/lpcxpresso/tools/bin/../lib/gcc/arm-none-eabi/4.6.2/../../../../arm-none-eabi/lib/armv7-m\libcr_newlib_semihost.a(syscalls.o)
 .text.checkerror
                0x0000bd24        0xc c:/nxp/lpcxpresso_6.1.4_194/lpcxpresso/tools/bin/../lib/gcc/arm-none-eabi/4.6.2/../../../../arm-none-eabi/lib/armv7-m\libcr_newlib_semihost.a(syscalls.o)
 .text._swiread
                0x0000bd30       0x18 c:/nxp/lpcxpresso_6.1.4_194/lpcxpresso/tools/bin/../lib/gcc/arm-none-eabi/4.6.2/../../../../arm-none-eabi/lib/armv7-m\libcr_newlib_semihost.a(syscalls.o)
                0x0000bd30                _swiread
 .text._read    0x0000bd48       0x36 c:/nxp/lpcxpresso_6.1.4_194/lpcxpresso/tools/bin/../lib/gcc/arm-none-eabi/4.6.2/../../../../arm-none-eabi/lib/armv7-m\libcr_newlib_semihost.a(syscalls.o)
                0x0000bd48                _read
 .text._swilseek
                0x0000bd7e       0x76 c:/nxp/lpcxpresso_6.1.4_194/lpcxpresso/tools/bin/../lib/gcc/arm-none-eabi/4.6.2/../../../../arm-none-eabi/lib/armv7-m\libcr_newlib_semihost.a(syscalls.o)
                0x0000bd7e                _swilseek
 .text._lseek   0x0000bdf4        0x4 c:/nxp/lpcxpresso_6.1.4_194/lpcxpresso/tools/bin/../lib/gcc/arm-none-eabi/4.6.2/../../../../arm-none-eabi/lib/armv7-m\libcr_newlib_semihost.a(syscalls.o)
                0x0000bdf4                _lseek
 .text._swiwrite
                0x0000bdf8       0x18 c:/nxp/lpcxpresso_6.1.4_194/lpcxpresso/tools/bin/../lib/gcc/arm-none-eabi/4.6.2/../../../../arm-none-eabi/lib/armv7-m\libcr_newlib_semihost.a(syscalls.o)
                0x0000bdf8                _swiwrite
 .text._write   0x0000be10       0x46 c:/nxp/lpcxpresso_6.1.4_194/lpcxpresso/tools/bin/../lib/gcc/arm-none-eabi/4.6.2/../../../../arm-none-eabi/lib/armv7-m\libcr_newlib_semihost.a(syscalls.o)
                0x0000be10                _write
 .text._swiclose
                0x0000be56       0x14 c:/nxp/lpcxpresso_6.1.4_194/lpcxpresso/tools/bin/../lib/gcc/arm-none-eabi/4.6.2/../../../../arm-none-eabi/lib/armv7-m\libcr_newlib_semihost.a(syscalls.o)
                0x0000be56                _swiclose
 *fill*         0x0000be6a        0x2 00
 .text._close   0x0000be6c       0x48 c:/nxp/lpcxpresso_6.1.4_194/lpcxpresso/tools/bin/../lib/gcc/arm-none-eabi/4.6.2/../../../../arm-none-eabi/lib/armv7-m\libcr_newlib_semihost.a(syscalls.o)
                0x0000be6c                _close
 .text._swistat
                0x0000beb4       0x3e c:/nxp/lpcxpresso_6.1.4_194/lpcxpresso/tools/bin/../lib/gcc/arm-none-eabi/4.6.2/../../../../arm-none-eabi/lib/armv7-m\libcr_newlib_semihost.a(syscalls.o)
                0x0000beb4                _swistat
 .text._fstat   0x0000bef2       0x1c c:/nxp/lpcxpresso_6.1.4_194/lpcxpresso/tools/bin/../lib/gcc/arm-none-eabi/4.6.2/../../../../arm-none-eabi/lib/armv7-m\libcr_newlib_semihost.a(syscalls.o)
                0x0000bef2                _fstat
 .text._isatty  0x0000bf0e       0x26 c:/nxp/lpcxpresso_6.1.4_194/lpcxpresso/tools/bin/../lib/gcc/arm-none-eabi/4.6.2/../../../../arm-none-eabi/lib/armv7-m\libcr_newlib_semihost.a(syscalls.o)
                0x0000bf0e                _isatty
 .text.__check_heap_overflow
                0x0000bf34       0x2c c:/nxp/lpcxpresso_6.1.4_194/lpcxpresso/tools/bin/../lib/gcc/arm-none-eabi/4.6.2/../../../../arm-none-eabi/lib/armv7-m\libcr_newlib_semihost.a(_cr_check_heap.o)
                0x0000bf34                __check_heap_overflow
 .text          0x0000bf60      0x110 c:/nxp/lpcxpresso_6.1.4_194/lpcxpresso/tools/bin/../lib/gcc/arm-none-eabi/4.6.2/armv7-m\libgcc.a(_arm_cmpdf2.o)
                0x0000bf60                __gtdf2
                0x0000bf60                __gedf2
                0x0000bf68                __ltdf2
                0x0000bf68                __ledf2
                0x0000bf70                __nedf2
                0x0000bf70                __eqdf2
                0x0000bf70                __cmpdf2
                0x0000bfec                __aeabi_cdrcmple
                0x0000bffc                __aeabi_cdcmpeq
                0x0000bffc                __aeabi_cdcmple
                0x0000c00c                __aeabi_dcmpeq
                0x0000c020                __aeabi_dcmplt
                0x0000c034                __aeabi_dcmple
                0x0000c048                __aeabi_dcmpge
                0x0000c05c                __aeabi_dcmpgt
 .text.__errno  0x0000c070        0xc c:/nxp/lpcxpresso_6.1.4_194/lpcxpresso/tools/bin/../lib/gcc/arm-none-eabi/4.6.2/../../../../arm-none-eabi/lib/armv7-m\libc.a(lib_a-errno.o)
                0x0000c070                __errno
 *(.rodata .rodata.* .constdata .constdata.*)
 .rodata        0x0000c07c       0xc0 ./src/main.o
                0x0000c07c                lowestLight
                0x0000c080                highestLight
 .rodata        0x0000c13c        0x8 C:\Users\mlteh\Documents\LPCXpresso_6.1.4_194\workspace\Lib_EaBaseBoard\Debug\libLib_EaBaseBoard.a(oled.o)
 .rodata        0x0000c144      0x300 C:\Users\mlteh\Documents\LPCXpresso_6.1.4_194\workspace\Lib_EaBaseBoard\Debug\libLib_EaBaseBoard.a(font5x7.o)
                0x0000c144                font5x7
 .rodata        0x0000c444       0x18 C:\Users\mlteh\Documents\LPCXpresso_6.1.4_194\workspace\Lib_MCU\Debug\libLib_MCU.a(lpc17xx_i2c.o)
 .rodata        0x0000c45c       0x18 C:\Users\mlteh\Documents\LPCXpresso_6.1.4_194\workspace\Lib_MCU\Debug\libLib_MCU.a(lpc17xx_ssp.o)
 .rodata        0x0000c474       0x18 C:\Users\mlteh\Documents\LPCXpresso_6.1.4_194\workspace\Lib_MCU\Debug\libLib_MCU.a(lpc17xx_timer.o)
 .rodata        0x0000c48c       0x18 C:\Users\mlteh\Documents\LPCXpresso_6.1.4_194\workspace\Lib_MCU\Debug\libLib_MCU.a(lpc17xx_uart.o)
 .rodata.str1.4
                0x0000c4a4        0x2 c:/nxp/lpcxpresso_6.1.4_194/lpcxpresso/tools/bin/../lib/gcc/arm-none-eabi/4.6.2/../../../../arm-none-eabi/lib/armv7-m\libc.a(lib_a-impure.o)
                                  0x4 (size before relaxing)
 *fill*         0x0000c4a6        0x2 00
 .rodata.zeroes.6590
                0x0000c4a8       0x10 c:/nxp/lpcxpresso_6.1.4_194/lpcxpresso/tools/bin/../lib/gcc/arm-none-eabi/4.6.2/../../../../arm-none-eabi/lib/armv7-m\libc.a(lib_a-svfprintf.o)
 .rodata.str1.4
                0x0000c4b8       0x42 c:/nxp/lpcxpresso_6.1.4_194/lpcxpresso/tools/bin/../lib/gcc/arm-none-eabi/4.6.2/../../../../arm-none-eabi/lib/armv7-m\libc.a(lib_a-svfprintf.o)
                                 0x44 (size before relaxing)
 *fill*         0x0000c4fa        0x2 00
 .rodata.blanks.6589
                0x0000c4fc       0x10 c:/nxp/lpcxpresso_6.1.4_194/lpcxpresso/tools/bin/../lib/gcc/arm-none-eabi/4.6.2/../../../../arm-none-eabi/lib/armv7-m\libc.a(lib_a-svfprintf.o)
 .rodata.zeroes.6605
                0x0000c50c       0x10 c:/nxp/lpcxpresso_6.1.4_194/lpcxpresso/tools/bin/../lib/gcc/arm-none-eabi/4.6.2/../../../../arm-none-eabi/lib/armv7-m\libc.a(lib_a-vfprintf.o)
 .rodata.str1.4
                0x00000000       0x44 c:/nxp/lpcxpresso_6.1.4_194/lpcxpresso/tools/bin/../lib/gcc/arm-none-eabi/4.6.2/../../../../arm-none-eabi/lib/armv7-m\libc.a(lib_a-vfprintf.o)
 .rodata.blanks.6604
                0x0000c51c       0x10 c:/nxp/lpcxpresso_6.1.4_194/lpcxpresso/tools/bin/../lib/gcc/arm-none-eabi/4.6.2/../../../../arm-none-eabi/lib/armv7-m\libc.a(lib_a-vfprintf.o)
 .rodata.str1.4
                0x0000c52c       0x10 c:/nxp/lpcxpresso_6.1.4_194/lpcxpresso/tools/bin/../lib/gcc/arm-none-eabi/4.6.2/../../../../arm-none-eabi/lib/armv7-m\libc.a(lib_a-dtoa.o)
                                 0x14 (size before relaxing)
 .rodata.str1.4
                0x0000c53c        0xa c:/nxp/lpcxpresso_6.1.4_194/lpcxpresso/tools/bin/../lib/gcc/arm-none-eabi/4.6.2/../../../../arm-none-eabi/lib/armv7-m\libc.a(lib_a-locale.o)
                                 0x14 (size before relaxing)
 *fill*         0x0000c546        0x2 00
 .rodata.__mprec_tens
                0x0000c548       0xc8 c:/nxp/lpcxpresso_6.1.4_194/lpcxpresso/tools/bin/../lib/gcc/arm-none-eabi/4.6.2/../../../../arm-none-eabi/lib/armv7-m\libc.a(lib_a-mprec.o)
                0x0000c548                __mprec_tens
 .rodata.__mprec_bigtens
                0x0000c610       0x28 c:/nxp/lpcxpresso_6.1.4_194/lpcxpresso/tools/bin/../lib/gcc/arm-none-eabi/4.6.2/../../../../arm-none-eabi/lib/armv7-m\libc.a(lib_a-mprec.o)
                0x0000c610                __mprec_bigtens
 .rodata.p05.5111
                0x0000c638        0xc c:/nxp/lpcxpresso_6.1.4_194/lpcxpresso/tools/bin/../lib/gcc/arm-none-eabi/4.6.2/../../../../arm-none-eabi/lib/armv7-m\libc.a(lib_a-mprec.o)
 .rodata.str1.4
                0x0000c644        0x8 c:/nxp/lpcxpresso_6.1.4_194/lpcxpresso/tools/bin/../lib/gcc/arm-none-eabi/4.6.2/../../../../arm-none-eabi/lib/armv7-m\libm.a(lib_a-w_sqrt.o)
 .rodata.str1.1
                0x0000c64c        0x4 c:/nxp/lpcxpresso_6.1.4_194/lpcxpresso/tools/bin/../lib/gcc/arm-none-eabi/4.6.2/../../../../arm-none-eabi/lib/armv7-m\libcr_newlib_semihost.a(syscalls.o)
                0x0000c650                . = ALIGN (0x4)

.glue_7         0x0000c650        0x0
 .glue_7        0x00000000        0x0 linker stubs

.glue_7t        0x0000c650        0x0
 .glue_7t       0x00000000        0x0 linker stubs

.vfp11_veneer   0x0000c650        0x0
 .vfp11_veneer  0x00000000        0x0 linker stubs

.v4_bx          0x0000c650        0x0
 .v4_bx         0x00000000        0x0 linker stubs

.ARM.extab
 *(.ARM.extab* .gnu.linkonce.armextab.*)
                0x0000c650                __exidx_start = .

.ARM.exidx      0x0000c650        0x8
 *(.ARM.exidx* .gnu.linkonce.armexidx.*)
 .ARM.exidx     0x0000c650        0x8 c:/nxp/lpcxpresso_6.1.4_194/lpcxpresso/tools/bin/../lib/gcc/arm-none-eabi/4.6.2/armv7-m\libgcc.a(_divdi3.o)
 .ARM.exidx     0x0000c658        0x0 c:/nxp/lpcxpresso_6.1.4_194/lpcxpresso/tools/bin/../lib/gcc/arm-none-eabi/4.6.2/armv7-m\libgcc.a(_udivdi3.o)
                                  0x8 (size before relaxing)
                0x0000c658                __exidx_end = .
                0x0000c658                _etext = .

.data_RAM2      0x2007c000        0x0 load address 0x0000c658
 FILL mask 0xff
 *(.data.$RAM2*)
 *(.data.$RamAHB32*)
                0x2007c000                . = ALIGN (0x4)

.uninit_RESERVED
                0x10000000        0x0
 *(.bss.$RESERVED*)
                0x10000000                . = ALIGN (0x4)
                0x10000000                _end_uninit_RESERVED = .

.data           0x10000000      0x910 load address 0x0000c658
 FILL mask 0xff
                0x10000000                _data = .
 *(vtable)
 *(.data*)
 .data          0x10000000       0x10 ./src/main.o
                0x10000000                light
 .data          0x10000010        0x4 C:\Users\mlteh\Documents\LPCXpresso_6.1.4_194\workspace\Lib_CMSISv1p30_LPC17xx\Debug\libCMSISv1p30_LPC17xx.a(system_LPC17xx.o)
                0x10000010                SystemCoreClock
 .data          0x10000014       0x50 C:\Users\mlteh\Documents\LPCXpresso_6.1.4_194\workspace\Lib_EaBaseBoard\Debug\libLib_EaBaseBoard.a(led7seg.o)
 .data          0x10000064        0x8 C:\Users\mlteh\Documents\LPCXpresso_6.1.4_194\workspace\Lib_EaBaseBoard\Debug\libLib_EaBaseBoard.a(light.o)
 *fill*         0x1000006c        0x4 00
 .data.impure_data
                0x10000070      0x428 c:/nxp/lpcxpresso_6.1.4_194/lpcxpresso/tools/bin/../lib/gcc/arm-none-eabi/4.6.2/../../../../arm-none-eabi/lib/armv7-m\libc.a(lib_a-impure.o)
 .data._impure_ptr
                0x10000498        0x4 c:/nxp/lpcxpresso_6.1.4_194/lpcxpresso/tools/bin/../lib/gcc/arm-none-eabi/4.6.2/../../../../arm-none-eabi/lib/armv7-m\libc.a(lib_a-impure.o)
                0x10000498                _impure_ptr
 .data.lconv    0x1000049c       0x38 c:/nxp/lpcxpresso_6.1.4_194/lpcxpresso/tools/bin/../lib/gcc/arm-none-eabi/4.6.2/../../../../arm-none-eabi/lib/armv7-m\libc.a(lib_a-locale.o)
 .data.lc_ctype_charset
                0x100004d4       0x20 c:/nxp/lpcxpresso_6.1.4_194/lpcxpresso/tools/bin/../lib/gcc/arm-none-eabi/4.6.2/../../../../arm-none-eabi/lib/armv7-m\libc.a(lib_a-locale.o)
 .data.__mb_cur_max
                0x100004f4        0x4 c:/nxp/lpcxpresso_6.1.4_194/lpcxpresso/tools/bin/../lib/gcc/arm-none-eabi/4.6.2/../../../../arm-none-eabi/lib/armv7-m\libc.a(lib_a-locale.o)
                0x100004f4                __mb_cur_max
 .data.__malloc_av_
                0x100004f8      0x408 c:/nxp/lpcxpresso_6.1.4_194/lpcxpresso/tools/bin/../lib/gcc/arm-none-eabi/4.6.2/../../../../arm-none-eabi/lib/armv7-m\libc.a(lib_a-mallocr.o)
                0x100004f8                __malloc_av_
 .data.__malloc_trim_threshold
                0x10000900        0x4 c:/nxp/lpcxpresso_6.1.4_194/lpcxpresso/tools/bin/../lib/gcc/arm-none-eabi/4.6.2/../../../../arm-none-eabi/lib/armv7-m\libc.a(lib_a-mallocr.o)
                0x10000900                __malloc_trim_threshold
 .data.__malloc_sbrk_base
                0x10000904        0x4 c:/nxp/lpcxpresso_6.1.4_194/lpcxpresso/tools/bin/../lib/gcc/arm-none-eabi/4.6.2/../../../../arm-none-eabi/lib/armv7-m\libc.a(lib_a-mallocr.o)
                0x10000904                __malloc_sbrk_base
 .data.__wctomb
                0x10000908        0x4 c:/nxp/lpcxpresso_6.1.4_194/lpcxpresso/tools/bin/../lib/gcc/arm-none-eabi/4.6.2/../../../../arm-none-eabi/lib/armv7-m\libc.a(lib_a-wctomb_r.o)
                0x10000908                __wctomb
 .data.__fdlib_version
                0x1000090c        0x1 c:/nxp/lpcxpresso_6.1.4_194/lpcxpresso/tools/bin/../lib/gcc/arm-none-eabi/4.6.2/../../../../arm-none-eabi/lib/armv7-m\libm.a(lib_a-s_lib_ver.o)
                0x1000090c                __fdlib_version
                0x10000910                . = ALIGN (0x4)
 *fill*         0x1000090d        0x3 ff
                0x10000910                _edata = .

.bss_RAM2       0x2007c000        0x0
 *(.bss.$RAM2*)
 *(.bss.$RamAHB32*)
                0x2007c000                . = ALIGN (0x4)

.bss            0x10000910      0x3ec
                0x10000910                _bss = .
 *(.bss*)
 .bss           0x10000910       0x34 ./src/main.o
                0x10000910                prevMstVal
                0x10000914                prevMst
                0x10000918                brPrevMst
                0x1000091c                prevMstRed
                0x10000920                butSW3
                0x10000924                temperature
                0x10000928                moved
                0x10000929                monitorMode
                0x1000092c                prevSW4Count
                0x10000930                lightWarning
                0x10000931                tempWarning
                0x10000932                moveWarning
                0x10000933                blinkBothLeds
                0x10000934                blinkRedLed
                0x10000935                blinkBlueLed
                0x10000936                blueLedFlag
                0x10000937                redLedFlag
                0x10000938                brLedFlag
                0x1000093c                uartCount
 .bss           0x10000944      0x300 C:\Users\mlteh\Documents\LPCXpresso_6.1.4_194\workspace\Lib_EaBaseBoard\Debug\libLib_EaBaseBoard.a(oled.o)
 .bss           0x10000c44        0x4 C:\Users\mlteh\Documents\LPCXpresso_6.1.4_194\workspace\Lib_EaBaseBoard\Debug\libLib_EaBaseBoard.a(temp.o)
 .bss           0x10000c48       0x24 C:\Users\mlteh\Documents\LPCXpresso_6.1.4_194\workspace\Lib_MCU\Debug\libLib_MCU.a(lpc17xx_i2c.o)
 .bss           0x10000c6c       0x18 C:\Users\mlteh\Documents\LPCXpresso_6.1.4_194\workspace\Lib_MCU\Debug\libLib_MCU.a(lpc17xx_ssp.o)
 .bss.__malloc_max_total_mem
                0x10000c84        0x4 c:/nxp/lpcxpresso_6.1.4_194/lpcxpresso/tools/bin/../lib/gcc/arm-none-eabi/4.6.2/../../../../arm-none-eabi/lib/armv7-m\libc.a(lib_a-mallocr.o)
                0x10000c84                __malloc_max_total_mem
 .bss.__malloc_max_sbrked_mem
                0x10000c88        0x4 c:/nxp/lpcxpresso_6.1.4_194/lpcxpresso/tools/bin/../lib/gcc/arm-none-eabi/4.6.2/../../../../arm-none-eabi/lib/armv7-m\libc.a(lib_a-mallocr.o)
                0x10000c88                __malloc_max_sbrked_mem
 .bss.__malloc_top_pad
                0x10000c8c        0x4 c:/nxp/lpcxpresso_6.1.4_194/lpcxpresso/tools/bin/../lib/gcc/arm-none-eabi/4.6.2/../../../../arm-none-eabi/lib/armv7-m\libc.a(lib_a-mallocr.o)
                0x10000c8c                __malloc_top_pad
 .bss.__malloc_current_mallinfo
                0x10000c90       0x28 c:/nxp/lpcxpresso_6.1.4_194/lpcxpresso/tools/bin/../lib/gcc/arm-none-eabi/4.6.2/../../../../arm-none-eabi/lib/armv7-m\libc.a(lib_a-mallocr.o)
                0x10000c90                __malloc_current_mallinfo
 .bss.monitor_stdout
                0x10000cb8        0x4 c:/nxp/lpcxpresso_6.1.4_194/lpcxpresso/tools/bin/../lib/gcc/arm-none-eabi/4.6.2/../../../../arm-none-eabi/lib/armv7-m\libcr_newlib_semihost.a(syscalls.o)
 .bss.monitor_stdin
                0x10000cbc        0x4 c:/nxp/lpcxpresso_6.1.4_194/lpcxpresso/tools/bin/../lib/gcc/arm-none-eabi/4.6.2/../../../../arm-none-eabi/lib/armv7-m\libcr_newlib_semihost.a(syscalls.o)
 .bss.initialized.2429
                0x10000cc0        0x4 c:/nxp/lpcxpresso_6.1.4_194/lpcxpresso/tools/bin/../lib/gcc/arm-none-eabi/4.6.2/../../../../arm-none-eabi/lib/armv7-m\libcr_newlib_semihost.a(syscalls.o)
 .bss.monitor_stderr
                0x10000cc4        0x4 c:/nxp/lpcxpresso_6.1.4_194/lpcxpresso/tools/bin/../lib/gcc/arm-none-eabi/4.6.2/../../../../arm-none-eabi/lib/armv7-m\libcr_newlib_semihost.a(syscalls.o)
 .bss.openfiles
                0x10000cc8       0x28 c:/nxp/lpcxpresso_6.1.4_194/lpcxpresso/tools/bin/../lib/gcc/arm-none-eabi/4.6.2/../../../../arm-none-eabi/lib/armv7-m\libcr_newlib_semihost.a(syscalls.o)
 *(COMMON)
 COMMON         0x10000cf0        0x4 ./src/main.o
                0x10000cf0                msTicks
 COMMON         0x10000cf4        0x4 c:/nxp/lpcxpresso_6.1.4_194/lpcxpresso/tools/bin/../lib/gcc/arm-none-eabi/4.6.2/../../../../arm-none-eabi/lib/armv7-m\libc.a(lib_a-reent.o)
                0x10000cf4                errno
 COMMON         0x10000cf8        0x4 c:/nxp/lpcxpresso_6.1.4_194/lpcxpresso/tools/bin/../lib/gcc/arm-none-eabi/4.6.2/../../../../arm-none-eabi/lib/armv7-m\libcr_newlib_semihost.a(_cr_sbrk.o)
                0x10000cf8                __end_of_heap
                0x10000cfc                . = ALIGN (0x4)
                0x10000cfc                _ebss = .
                0x10000cfc                PROVIDE (end, .)

.noinit_RAM2    0x2007c000        0x0
 *(.noinit.$RAM2*)
 *(.noinit.$RamAHB32*)
                0x2007c000                . = ALIGN (0x4)

.noinit         0x10000cfc        0x0
                0x10000cfc                _noinit = .
 *(.noinit*)
                0x10000cfc                . = ALIGN (0x4)
                0x10000cfc                _end_noinit = .
                0x10000cfc                PROVIDE (_pvHeapStart, .)
                0x10008000                PROVIDE (_vStackTop, (__top_RamLoc32 - 0x0))
OUTPUT(ee2024Assignment2.axf elf32-littlearm)

.debug_info     0x00000000     0x9528
 .debug_info    0x00000000      0x209 ./src/cr_startup_lpc17.o
 .debug_info    0x00000209     0x16fd ./src/main.o
 .debug_info    0x00001906      0x357 C:\Users\mlteh\Documents\LPCXpresso_6.1.4_194\workspace\Lib_CMSISv1p30_LPC17xx\Debug\libCMSISv1p30_LPC17xx.a(system_LPC17xx.o)
 .debug_info    0x00001c5d      0x53d C:\Users\mlteh\Documents\LPCXpresso_6.1.4_194\workspace\Lib_EaBaseBoard\Debug\libLib_EaBaseBoard.a(acc.o)
 .debug_info    0x0000219a      0x282 C:\Users\mlteh\Documents\LPCXpresso_6.1.4_194\workspace\Lib_EaBaseBoard\Debug\libLib_EaBaseBoard.a(led7seg.o)
 .debug_info    0x0000241c      0x763 C:\Users\mlteh\Documents\LPCXpresso_6.1.4_194\workspace\Lib_EaBaseBoard\Debug\libLib_EaBaseBoard.a(light.o)
 .debug_info    0x00002b7f      0x97d C:\Users\mlteh\Documents\LPCXpresso_6.1.4_194\workspace\Lib_EaBaseBoard\Debug\libLib_EaBaseBoard.a(oled.o)
 .debug_info    0x000034fc      0x642 C:\Users\mlteh\Documents\LPCXpresso_6.1.4_194\workspace\Lib_EaBaseBoard\Debug\libLib_EaBaseBoard.a(pca9532.o)
 .debug_info    0x00003b3e       0xe4 C:\Users\mlteh\Documents\LPCXpresso_6.1.4_194\workspace\Lib_EaBaseBoard\Debug\libLib_EaBaseBoard.a(rgb.o)
 .debug_info    0x00003c22      0x186 C:\Users\mlteh\Documents\LPCXpresso_6.1.4_194\workspace\Lib_EaBaseBoard\Debug\libLib_EaBaseBoard.a(temp.o)
 .debug_info    0x00003da8       0x65 C:\Users\mlteh\Documents\LPCXpresso_6.1.4_194\workspace\Lib_EaBaseBoard\Debug\libLib_EaBaseBoard.a(font5x7.o)
 .debug_info    0x00003e0d      0xb95 C:\Users\mlteh\Documents\LPCXpresso_6.1.4_194\workspace\Lib_MCU\Debug\libLib_MCU.a(lpc17xx_gpio.o)
 .debug_info    0x000049a2      0xcc3 C:\Users\mlteh\Documents\LPCXpresso_6.1.4_194\workspace\Lib_MCU\Debug\libLib_MCU.a(lpc17xx_i2c.o)
 .debug_info    0x00005665      0x4b1 C:\Users\mlteh\Documents\LPCXpresso_6.1.4_194\workspace\Lib_MCU\Debug\libLib_MCU.a(lpc17xx_pinsel.o)
 .debug_info    0x00005b16      0x867 C:\Users\mlteh\Documents\LPCXpresso_6.1.4_194\workspace\Lib_MCU\Debug\libLib_MCU.a(lpc17xx_ssp.o)
 .debug_info    0x0000637d      0x8e4 C:\Users\mlteh\Documents\LPCXpresso_6.1.4_194\workspace\Lib_MCU\Debug\libLib_MCU.a(lpc17xx_timer.o)
 .debug_info    0x00006c61     0x14df C:\Users\mlteh\Documents\LPCXpresso_6.1.4_194\workspace\Lib_MCU\Debug\libLib_MCU.a(lpc17xx_uart.o)
 .debug_info    0x00008140      0x641 C:\Users\mlteh\Documents\LPCXpresso_6.1.4_194\workspace\Lib_MCU\Debug\libLib_MCU.a(lpc17xx_clkpwr.o)
 .debug_info    0x00008781      0x106 c:/nxp/lpcxpresso_6.1.4_194/lpcxpresso/tools/bin/../lib/gcc/arm-none-eabi/4.6.2/../../../../arm-none-eabi/lib/armv7-m\libcr_newlib_semihost.a(_cr_sbrk.o)
 .debug_info    0x00008887      0xbec c:/nxp/lpcxpresso_6.1.4_194/lpcxpresso/tools/bin/../lib/gcc/arm-none-eabi/4.6.2/../../../../arm-none-eabi/lib/armv7-m\libcr_newlib_semihost.a(syscalls.o)
 .debug_info    0x00009473       0xb5 c:/nxp/lpcxpresso_6.1.4_194/lpcxpresso/tools/bin/../lib/gcc/arm-none-eabi/4.6.2/../../../../arm-none-eabi/lib/armv7-m\libcr_newlib_semihost.a(_cr_check_heap.o)

.debug_abbrev   0x00000000     0x1dd1
 .debug_abbrev  0x00000000       0xb4 ./src/cr_startup_lpc17.o
 .debug_abbrev  0x000000b4      0x2d2 ./src/main.o
 .debug_abbrev  0x00000386       0xce C:\Users\mlteh\Documents\LPCXpresso_6.1.4_194\workspace\Lib_CMSISv1p30_LPC17xx\Debug\libCMSISv1p30_LPC17xx.a(system_LPC17xx.o)
 .debug_abbrev  0x00000454      0x15c C:\Users\mlteh\Documents\LPCXpresso_6.1.4_194\workspace\Lib_EaBaseBoard\Debug\libLib_EaBaseBoard.a(acc.o)
 .debug_abbrev  0x000005b0      0x155 C:\Users\mlteh\Documents\LPCXpresso_6.1.4_194\workspace\Lib_EaBaseBoard\Debug\libLib_EaBaseBoard.a(led7seg.o)
 .debug_abbrev  0x00000705      0x1bd C:\Users\mlteh\Documents\LPCXpresso_6.1.4_194\workspace\Lib_EaBaseBoard\Debug\libLib_EaBaseBoard.a(light.o)
 .debug_abbrev  0x000008c2      0x1f1 C:\Users\mlteh\Documents\LPCXpresso_6.1.4_194\workspace\Lib_EaBaseBoard\Debug\libLib_EaBaseBoard.a(oled.o)
 .debug_abbrev  0x00000ab3      0x1aa C:\Users\mlteh\Documents\LPCXpresso_6.1.4_194\workspace\Lib_EaBaseBoard\Debug\libLib_EaBaseBoard.a(pca9532.o)
 .debug_abbrev  0x00000c5d       0x8e C:\Users\mlteh\Documents\LPCXpresso_6.1.4_194\workspace\Lib_EaBaseBoard\Debug\libLib_EaBaseBoard.a(rgb.o)
 .debug_abbrev  0x00000ceb       0xea C:\Users\mlteh\Documents\LPCXpresso_6.1.4_194\workspace\Lib_EaBaseBoard\Debug\libLib_EaBaseBoard.a(temp.o)
 .debug_abbrev  0x00000dd5       0x4b C:\Users\mlteh\Documents\LPCXpresso_6.1.4_194\workspace\Lib_EaBaseBoard\Debug\libLib_EaBaseBoard.a(font5x7.o)
 .debug_abbrev  0x00000e20      0x185 C:\Users\mlteh\Documents\LPCXpresso_6.1.4_194\workspace\Lib_MCU\Debug\libLib_MCU.a(lpc17xx_gpio.o)
 .debug_abbrev  0x00000fa5      0x24a C:\Users\mlteh\Documents\LPCXpresso_6.1.4_194\workspace\Lib_MCU\Debug\libLib_MCU.a(lpc17xx_i2c.o)
 .debug_abbrev  0x000011ef      0x10a C:\Users\mlteh\Documents\LPCXpresso_6.1.4_194\workspace\Lib_MCU\Debug\libLib_MCU.a(lpc17xx_pinsel.o)
 .debug_abbrev  0x000012f9      0x1d3 C:\Users\mlteh\Documents\LPCXpresso_6.1.4_194\workspace\Lib_MCU\Debug\libLib_MCU.a(lpc17xx_ssp.o)
 .debug_abbrev  0x000014cc      0x19f C:\Users\mlteh\Documents\LPCXpresso_6.1.4_194\workspace\Lib_MCU\Debug\libLib_MCU.a(lpc17xx_timer.o)
 .debug_abbrev  0x0000166b      0x259 C:\Users\mlteh\Documents\LPCXpresso_6.1.4_194\workspace\Lib_MCU\Debug\libLib_MCU.a(lpc17xx_uart.o)
 .debug_abbrev  0x000018c4      0x174 C:\Users\mlteh\Documents\LPCXpresso_6.1.4_194\workspace\Lib_MCU\Debug\libLib_MCU.a(lpc17xx_clkpwr.o)
 .debug_abbrev  0x00001a38       0xa8 c:/nxp/lpcxpresso_6.1.4_194/lpcxpresso/tools/bin/../lib/gcc/arm-none-eabi/4.6.2/../../../../arm-none-eabi/lib/armv7-m\libcr_newlib_semihost.a(_cr_sbrk.o)
 .debug_abbrev  0x00001ae0      0x27f c:/nxp/lpcxpresso_6.1.4_194/lpcxpresso/tools/bin/../lib/gcc/arm-none-eabi/4.6.2/../../../../arm-none-eabi/lib/armv7-m\libcr_newlib_semihost.a(syscalls.o)
 .debug_abbrev  0x00001d5f       0x72 c:/nxp/lpcxpresso_6.1.4_194/lpcxpresso/tools/bin/../lib/gcc/arm-none-eabi/4.6.2/../../../../arm-none-eabi/lib/armv7-m\libcr_newlib_semihost.a(_cr_check_heap.o)

.debug_loc      0x00000000     0x3ad6
 .debug_loc     0x00000000      0x1f0 ./src/cr_startup_lpc17.o
 .debug_loc     0x000001f0      0x498 ./src/main.o
 .debug_loc     0x00000688       0x58 C:\Users\mlteh\Documents\LPCXpresso_6.1.4_194\workspace\Lib_CMSISv1p30_LPC17xx\Debug\libCMSISv1p30_LPC17xx.a(system_LPC17xx.o)
 .debug_loc     0x000006e0      0x1f0 C:\Users\mlteh\Documents\LPCXpresso_6.1.4_194\workspace\Lib_EaBaseBoard\Debug\libLib_EaBaseBoard.a(acc.o)
 .debug_loc     0x000008d0       0x64 C:\Users\mlteh\Documents\LPCXpresso_6.1.4_194\workspace\Lib_EaBaseBoard\Debug\libLib_EaBaseBoard.a(led7seg.o)
 .debug_loc     0x00000934      0x378 C:\Users\mlteh\Documents\LPCXpresso_6.1.4_194\workspace\Lib_EaBaseBoard\Debug\libLib_EaBaseBoard.a(light.o)
 .debug_loc     0x00000cac      0x33e C:\Users\mlteh\Documents\LPCXpresso_6.1.4_194\workspace\Lib_EaBaseBoard\Debug\libLib_EaBaseBoard.a(oled.o)
 .debug_loc     0x00000fea      0x2d0 C:\Users\mlteh\Documents\LPCXpresso_6.1.4_194\workspace\Lib_EaBaseBoard\Debug\libLib_EaBaseBoard.a(pca9532.o)
 .debug_loc     0x000012ba       0x64 C:\Users\mlteh\Documents\LPCXpresso_6.1.4_194\workspace\Lib_EaBaseBoard\Debug\libLib_EaBaseBoard.a(rgb.o)
 .debug_loc     0x0000131e       0x9c C:\Users\mlteh\Documents\LPCXpresso_6.1.4_194\workspace\Lib_EaBaseBoard\Debug\libLib_EaBaseBoard.a(temp.o)
 .debug_loc     0x000013ba      0x4d0 C:\Users\mlteh\Documents\LPCXpresso_6.1.4_194\workspace\Lib_MCU\Debug\libLib_MCU.a(lpc17xx_gpio.o)
 .debug_loc     0x0000188a      0x4e4 C:\Users\mlteh\Documents\LPCXpresso_6.1.4_194\workspace\Lib_MCU\Debug\libLib_MCU.a(lpc17xx_i2c.o)
 .debug_loc     0x00001d6e      0x150 C:\Users\mlteh\Documents\LPCXpresso_6.1.4_194\workspace\Lib_MCU\Debug\libLib_MCU.a(lpc17xx_pinsel.o)
 .debug_loc     0x00001ebe      0x448 C:\Users\mlteh\Documents\LPCXpresso_6.1.4_194\workspace\Lib_MCU\Debug\libLib_MCU.a(lpc17xx_ssp.o)
 .debug_loc     0x00002306      0x3b8 C:\Users\mlteh\Documents\LPCXpresso_6.1.4_194\workspace\Lib_MCU\Debug\libLib_MCU.a(lpc17xx_timer.o)
 .debug_loc     0x000026be      0x77a C:\Users\mlteh\Documents\LPCXpresso_6.1.4_194\workspace\Lib_MCU\Debug\libLib_MCU.a(lpc17xx_uart.o)
 .debug_loc     0x00002e38      0x1bc C:\Users\mlteh\Documents\LPCXpresso_6.1.4_194\workspace\Lib_MCU\Debug\libLib_MCU.a(lpc17xx_clkpwr.o)
 .debug_loc     0x00002ff4       0x55 c:/nxp/lpcxpresso_6.1.4_194/lpcxpresso/tools/bin/../lib/gcc/arm-none-eabi/4.6.2/../../../../arm-none-eabi/lib/armv7-m\libcr_newlib_semihost.a(_cr_sbrk.o)
 .debug_loc     0x00003049      0xa64 c:/nxp/lpcxpresso_6.1.4_194/lpcxpresso/tools/bin/../lib/gcc/arm-none-eabi/4.6.2/../../../../arm-none-eabi/lib/armv7-m\libcr_newlib_semihost.a(syscalls.o)
 .debug_loc     0x00003aad       0x29 c:/nxp/lpcxpresso_6.1.4_194/lpcxpresso/tools/bin/../lib/gcc/arm-none-eabi/4.6.2/../../../../arm-none-eabi/lib/armv7-m\libcr_newlib_semihost.a(_cr_check_heap.o)

.debug_aranges  0x00000000      0x9e0
 .debug_aranges
                0x00000000       0x70 ./src/cr_startup_lpc17.o
 .debug_aranges
                0x00000070       0xc8 ./src/main.o
 .debug_aranges
                0x00000138       0x28 C:\Users\mlteh\Documents\LPCXpresso_6.1.4_194\workspace\Lib_CMSISv1p30_LPC17xx\Debug\libCMSISv1p30_LPC17xx.a(system_LPC17xx.o)
 .debug_aranges
                0x00000160       0x60 C:\Users\mlteh\Documents\LPCXpresso_6.1.4_194\workspace\Lib_EaBaseBoard\Debug\libLib_EaBaseBoard.a(acc.o)
 .debug_aranges
                0x000001c0       0x28 C:\Users\mlteh\Documents\LPCXpresso_6.1.4_194\workspace\Lib_EaBaseBoard\Debug\libLib_EaBaseBoard.a(led7seg.o)
 .debug_aranges
                0x000001e8       0x98 C:\Users\mlteh\Documents\LPCXpresso_6.1.4_194\workspace\Lib_EaBaseBoard\Debug\libLib_EaBaseBoard.a(light.o)
 .debug_aranges
                0x00000280       0x90 C:\Users\mlteh\Documents\LPCXpresso_6.1.4_194\workspace\Lib_EaBaseBoard\Debug\libLib_EaBaseBoard.a(oled.o)
 .debug_aranges
                0x00000310       0x80 C:\Users\mlteh\Documents\LPCXpresso_6.1.4_194\workspace\Lib_EaBaseBoard\Debug\libLib_EaBaseBoard.a(pca9532.o)
 .debug_aranges
                0x00000390       0x28 C:\Users\mlteh\Documents\LPCXpresso_6.1.4_194\workspace\Lib_EaBaseBoard\Debug\libLib_EaBaseBoard.a(rgb.o)
 .debug_aranges
                0x000003b8       0x30 C:\Users\mlteh\Documents\LPCXpresso_6.1.4_194\workspace\Lib_EaBaseBoard\Debug\libLib_EaBaseBoard.a(temp.o)
 .debug_aranges
                0x000003e8       0xc8 C:\Users\mlteh\Documents\LPCXpresso_6.1.4_194\workspace\Lib_MCU\Debug\libLib_MCU.a(lpc17xx_gpio.o)
 .debug_aranges
                0x000004b0       0xd0 C:\Users\mlteh\Documents\LPCXpresso_6.1.4_194\workspace\Lib_MCU\Debug\libLib_MCU.a(lpc17xx_i2c.o)
 .debug_aranges
                0x00000580       0x48 C:\Users\mlteh\Documents\LPCXpresso_6.1.4_194\workspace\Lib_MCU\Debug\libLib_MCU.a(lpc17xx_pinsel.o)
 .debug_aranges
                0x000005c8       0xb8 C:\Users\mlteh\Documents\LPCXpresso_6.1.4_194\workspace\Lib_MCU\Debug\libLib_MCU.a(lpc17xx_ssp.o)
 .debug_aranges
                0x00000680       0xa0 C:\Users\mlteh\Documents\LPCXpresso_6.1.4_194\workspace\Lib_MCU\Debug\libLib_MCU.a(lpc17xx_timer.o)
 .debug_aranges
                0x00000720      0x130 C:\Users\mlteh\Documents\LPCXpresso_6.1.4_194\workspace\Lib_MCU\Debug\libLib_MCU.a(lpc17xx_uart.o)
 .debug_aranges
                0x00000850       0x60 C:\Users\mlteh\Documents\LPCXpresso_6.1.4_194\workspace\Lib_MCU\Debug\libLib_MCU.a(lpc17xx_clkpwr.o)
 .debug_aranges
                0x000008b0       0x20 c:/nxp/lpcxpresso_6.1.4_194/lpcxpresso/tools/bin/../lib/gcc/arm-none-eabi/4.6.2/../../../../arm-none-eabi/lib/armv7-m\libcr_newlib_semihost.a(_cr_sbrk.o)
 .debug_aranges
                0x000008d0       0xf0 c:/nxp/lpcxpresso_6.1.4_194/lpcxpresso/tools/bin/../lib/gcc/arm-none-eabi/4.6.2/../../../../arm-none-eabi/lib/armv7-m\libcr_newlib_semihost.a(syscalls.o)
 .debug_aranges
                0x000009c0       0x20 c:/nxp/lpcxpresso_6.1.4_194/lpcxpresso/tools/bin/../lib/gcc/arm-none-eabi/4.6.2/../../../../arm-none-eabi/lib/armv7-m\libcr_newlib_semihost.a(_cr_check_heap.o)

.debug_ranges   0x00000000      0x900
 .debug_ranges  0x00000000       0x60 ./src/cr_startup_lpc17.o
 .debug_ranges  0x00000060       0xb8 ./src/main.o
 .debug_ranges  0x00000118       0x18 C:\Users\mlteh\Documents\LPCXpresso_6.1.4_194\workspace\Lib_CMSISv1p30_LPC17xx\Debug\libCMSISv1p30_LPC17xx.a(system_LPC17xx.o)
 .debug_ranges  0x00000130       0x50 C:\Users\mlteh\Documents\LPCXpresso_6.1.4_194\workspace\Lib_EaBaseBoard\Debug\libLib_EaBaseBoard.a(acc.o)
 .debug_ranges  0x00000180       0x18 C:\Users\mlteh\Documents\LPCXpresso_6.1.4_194\workspace\Lib_EaBaseBoard\Debug\libLib_EaBaseBoard.a(led7seg.o)
 .debug_ranges  0x00000198       0x88 C:\Users\mlteh\Documents\LPCXpresso_6.1.4_194\workspace\Lib_EaBaseBoard\Debug\libLib_EaBaseBoard.a(light.o)
 .debug_ranges  0x00000220       0x80 C:\Users\mlteh\Documents\LPCXpresso_6.1.4_194\workspace\Lib_EaBaseBoard\Debug\libLib_EaBaseBoard.a(oled.o)
 .debug_ranges  0x000002a0       0x70 C:\Users\mlteh\Documents\LPCXpresso_6.1.4_194\workspace\Lib_EaBaseBoard\Debug\libLib_EaBaseBoard.a(pca9532.o)
 .debug_ranges  0x00000310       0x18 C:\Users\mlteh\Documents\LPCXpresso_6.1.4_194\workspace\Lib_EaBaseBoard\Debug\libLib_EaBaseBoard.a(rgb.o)
 .debug_ranges  0x00000328       0x20 C:\Users\mlteh\Documents\LPCXpresso_6.1.4_194\workspace\Lib_EaBaseBoard\Debug\libLib_EaBaseBoard.a(temp.o)
 .debug_ranges  0x00000348       0xb8 C:\Users\mlteh\Documents\LPCXpresso_6.1.4_194\workspace\Lib_MCU\Debug\libLib_MCU.a(lpc17xx_gpio.o)
 .debug_ranges  0x00000400       0xc0 C:\Users\mlteh\Documents\LPCXpresso_6.1.4_194\workspace\Lib_MCU\Debug\libLib_MCU.a(lpc17xx_i2c.o)
 .debug_ranges  0x000004c0       0x38 C:\Users\mlteh\Documents\LPCXpresso_6.1.4_194\workspace\Lib_MCU\Debug\libLib_MCU.a(lpc17xx_pinsel.o)
 .debug_ranges  0x000004f8       0xa8 C:\Users\mlteh\Documents\LPCXpresso_6.1.4_194\workspace\Lib_MCU\Debug\libLib_MCU.a(lpc17xx_ssp.o)
 .debug_ranges  0x000005a0       0x90 C:\Users\mlteh\Documents\LPCXpresso_6.1.4_194\workspace\Lib_MCU\Debug\libLib_MCU.a(lpc17xx_timer.o)
 .debug_ranges  0x00000630      0x120 C:\Users\mlteh\Documents\LPCXpresso_6.1.4_194\workspace\Lib_MCU\Debug\libLib_MCU.a(lpc17xx_uart.o)
 .debug_ranges  0x00000750       0x50 C:\Users\mlteh\Documents\LPCXpresso_6.1.4_194\workspace\Lib_MCU\Debug\libLib_MCU.a(lpc17xx_clkpwr.o)
 .debug_ranges  0x000007a0       0x10 c:/nxp/lpcxpresso_6.1.4_194/lpcxpresso/tools/bin/../lib/gcc/arm-none-eabi/4.6.2/../../../../arm-none-eabi/lib/armv7-m\libcr_newlib_semihost.a(_cr_sbrk.o)
 .debug_ranges  0x000007b0      0x140 c:/nxp/lpcxpresso_6.1.4_194/lpcxpresso/tools/bin/../lib/gcc/arm-none-eabi/4.6.2/../../../../arm-none-eabi/lib/armv7-m\libcr_newlib_semihost.a(syscalls.o)
 .debug_ranges  0x000008f0       0x10 c:/nxp/lpcxpresso_6.1.4_194/lpcxpresso/tools/bin/../lib/gcc/arm-none-eabi/4.6.2/../../../../arm-none-eabi/lib/armv7-m\libcr_newlib_semihost.a(_cr_check_heap.o)

.debug_line     0x00000000     0x70d8
 .debug_line    0x00000000      0x373 ./src/cr_startup_lpc17.o
 .debug_line    0x00000373      0xa58 ./src/main.o
 .debug_line    0x00000dcb      0x412 C:\Users\mlteh\Documents\LPCXpresso_6.1.4_194\workspace\Lib_CMSISv1p30_LPC17xx\Debug\libCMSISv1p30_LPC17xx.a(system_LPC17xx.o)
 .debug_line    0x000011dd      0x503 C:\Users\mlteh\Documents\LPCXpresso_6.1.4_194\workspace\Lib_EaBaseBoard\Debug\libLib_EaBaseBoard.a(acc.o)
 .debug_line    0x000016e0      0x47e C:\Users\mlteh\Documents\LPCXpresso_6.1.4_194\workspace\Lib_EaBaseBoard\Debug\libLib_EaBaseBoard.a(led7seg.o)
 .debug_line    0x00001b5e      0x5af C:\Users\mlteh\Documents\LPCXpresso_6.1.4_194\workspace\Lib_EaBaseBoard\Debug\libLib_EaBaseBoard.a(light.o)
 .debug_line    0x0000210d      0x788 C:\Users\mlteh\Documents\LPCXpresso_6.1.4_194\workspace\Lib_EaBaseBoard\Debug\libLib_EaBaseBoard.a(oled.o)
 .debug_line    0x00002895      0x59a C:\Users\mlteh\Documents\LPCXpresso_6.1.4_194\workspace\Lib_EaBaseBoard\Debug\libLib_EaBaseBoard.a(pca9532.o)
 .debug_line    0x00002e2f      0x45b C:\Users\mlteh\Documents\LPCXpresso_6.1.4_194\workspace\Lib_EaBaseBoard\Debug\libLib_EaBaseBoard.a(rgb.o)
 .debug_line    0x0000328a      0x4a4 C:\Users\mlteh\Documents\LPCXpresso_6.1.4_194\workspace\Lib_EaBaseBoard\Debug\libLib_EaBaseBoard.a(temp.o)
 .debug_line    0x0000372e       0x8d C:\Users\mlteh\Documents\LPCXpresso_6.1.4_194\workspace\Lib_EaBaseBoard\Debug\libLib_EaBaseBoard.a(font5x7.o)
 .debug_line    0x000037bb      0x5f4 C:\Users\mlteh\Documents\LPCXpresso_6.1.4_194\workspace\Lib_MCU\Debug\libLib_MCU.a(lpc17xx_gpio.o)
 .debug_line    0x00003daf      0x90f C:\Users\mlteh\Documents\LPCXpresso_6.1.4_194\workspace\Lib_MCU\Debug\libLib_MCU.a(lpc17xx_i2c.o)
 .debug_line    0x000046be      0x473 C:\Users\mlteh\Documents\LPCXpresso_6.1.4_194\workspace\Lib_MCU\Debug\libLib_MCU.a(lpc17xx_pinsel.o)
 .debug_line    0x00004b31      0x842 C:\Users\mlteh\Documents\LPCXpresso_6.1.4_194\workspace\Lib_MCU\Debug\libLib_MCU.a(lpc17xx_ssp.o)
 .debug_line    0x00005373      0x7a0 C:\Users\mlteh\Documents\LPCXpresso_6.1.4_194\workspace\Lib_MCU\Debug\libLib_MCU.a(lpc17xx_timer.o)
 .debug_line    0x00005b13      0xb8e C:\Users\mlteh\Documents\LPCXpresso_6.1.4_194\workspace\Lib_MCU\Debug\libLib_MCU.a(lpc17xx_uart.o)
 .debug_line    0x000066a1      0x4d4 C:\Users\mlteh\Documents\LPCXpresso_6.1.4_194\workspace\Lib_MCU\Debug\libLib_MCU.a(lpc17xx_clkpwr.o)
 .debug_line    0x00006b75       0xc0 c:/nxp/lpcxpresso_6.1.4_194/lpcxpresso/tools/bin/../lib/gcc/arm-none-eabi/4.6.2/../../../../arm-none-eabi/lib/armv7-m\libcr_newlib_semihost.a(_cr_sbrk.o)
 .debug_line    0x00006c35      0x44f c:/nxp/lpcxpresso_6.1.4_194/lpcxpresso/tools/bin/../lib/gcc/arm-none-eabi/4.6.2/../../../../arm-none-eabi/lib/armv7-m\libcr_newlib_semihost.a(syscalls.o)
 .debug_line    0x00007084       0x54 c:/nxp/lpcxpresso_6.1.4_194/lpcxpresso/tools/bin/../lib/gcc/arm-none-eabi/4.6.2/../../../../arm-none-eabi/lib/armv7-m\libcr_newlib_semihost.a(_cr_check_heap.o)

.debug_macinfo  0x00000000    0xa0abe
 .debug_macinfo
                0x00000000     0x2c15 ./src/cr_startup_lpc17.o
 .debug_macinfo
                0x00002c15     0xee10 ./src/main.o
 .debug_macinfo
                0x00011a25     0x83f8 C:\Users\mlteh\Documents\LPCXpresso_6.1.4_194\workspace\Lib_CMSISv1p30_LPC17xx\Debug\libCMSISv1p30_LPC17xx.a(system_LPC17xx.o)
 .debug_macinfo
                0x00019e1d     0x8f1b C:\Users\mlteh\Documents\LPCXpresso_6.1.4_194\workspace\Lib_EaBaseBoard\Debug\libLib_EaBaseBoard.a(acc.o)
 .debug_macinfo
                0x00022d38     0x96a3 C:\Users\mlteh\Documents\LPCXpresso_6.1.4_194\workspace\Lib_EaBaseBoard\Debug\libLib_EaBaseBoard.a(led7seg.o)
 .debug_macinfo
                0x0002c3db     0x8e3a C:\Users\mlteh\Documents\LPCXpresso_6.1.4_194\workspace\Lib_EaBaseBoard\Debug\libLib_EaBaseBoard.a(light.o)
 .debug_macinfo
                0x00035215     0xa143 C:\Users\mlteh\Documents\LPCXpresso_6.1.4_194\workspace\Lib_EaBaseBoard\Debug\libLib_EaBaseBoard.a(oled.o)
 .debug_macinfo
                0x0003f358     0x8e59 C:\Users\mlteh\Documents\LPCXpresso_6.1.4_194\workspace\Lib_EaBaseBoard\Debug\libLib_EaBaseBoard.a(pca9532.o)
 .debug_macinfo
                0x000481b1     0x854c C:\Users\mlteh\Documents\LPCXpresso_6.1.4_194\workspace\Lib_EaBaseBoard\Debug\libLib_EaBaseBoard.a(rgb.o)
 .debug_macinfo
                0x000506fd     0x885f C:\Users\mlteh\Documents\LPCXpresso_6.1.4_194\workspace\Lib_EaBaseBoard\Debug\libLib_EaBaseBoard.a(temp.o)
 .debug_macinfo
                0x00058f5c     0x332a C:\Users\mlteh\Documents\LPCXpresso_6.1.4_194\workspace\Lib_EaBaseBoard\Debug\libLib_EaBaseBoard.a(font5x7.o)
 .debug_macinfo
                0x0005c286     0x86b8 C:\Users\mlteh\Documents\LPCXpresso_6.1.4_194\workspace\Lib_MCU\Debug\libLib_MCU.a(lpc17xx_gpio.o)
 .debug_macinfo
                0x0006493e     0xa5d8 C:\Users\mlteh\Documents\LPCXpresso_6.1.4_194\workspace\Lib_MCU\Debug\libLib_MCU.a(lpc17xx_i2c.o)
 .debug_macinfo
                0x0006ef16     0x87d3 C:\Users\mlteh\Documents\LPCXpresso_6.1.4_194\workspace\Lib_MCU\Debug\libLib_MCU.a(lpc17xx_pinsel.o)
 .debug_macinfo
                0x000776e9     0xa8d0 C:\Users\mlteh\Documents\LPCXpresso_6.1.4_194\workspace\Lib_MCU\Debug\libLib_MCU.a(lpc17xx_ssp.o)
 .debug_macinfo
                0x00081fb9     0xa4cd C:\Users\mlteh\Documents\LPCXpresso_6.1.4_194\workspace\Lib_MCU\Debug\libLib_MCU.a(lpc17xx_timer.o)
 .debug_macinfo
                0x0008c486     0xb03f C:\Users\mlteh\Documents\LPCXpresso_6.1.4_194\workspace\Lib_MCU\Debug\libLib_MCU.a(lpc17xx_uart.o)
 .debug_macinfo
                0x000974c5     0x95f9 C:\Users\mlteh\Documents\LPCXpresso_6.1.4_194\workspace\Lib_MCU\Debug\libLib_MCU.a(lpc17xx_clkpwr.o)

.debug_str      0x00000000     0x3141
 .debug_str     0x00000000      0x1db ./src/cr_startup_lpc17.o
                                0x215 (size before relaxing)
 .debug_str     0x000001db      0xb6a ./src/main.o
                                0xcde (size before relaxing)
 .debug_str     0x00000d45       0x8e C:\Users\mlteh\Documents\LPCXpresso_6.1.4_194\workspace\Lib_CMSISv1p30_LPC17xx\Debug\libCMSISv1p30_LPC17xx.a(system_LPC17xx.o)
                                0x2a7 (size before relaxing)
 .debug_str     0x00000dd3      0x224 C:\Users\mlteh\Documents\LPCXpresso_6.1.4_194\workspace\Lib_EaBaseBoard\Debug\libLib_EaBaseBoard.a(acc.o)
                                0x3a3 (size before relaxing)
 .debug_str     0x00000ff7       0x95 C:\Users\mlteh\Documents\LPCXpresso_6.1.4_194\workspace\Lib_EaBaseBoard\Debug\libLib_EaBaseBoard.a(led7seg.o)
                                0x20f (size before relaxing)
 .debug_str     0x0000108c      0x1cb C:\Users\mlteh\Documents\LPCXpresso_6.1.4_194\workspace\Lib_EaBaseBoard\Debug\libLib_EaBaseBoard.a(light.o)
                                0x508 (size before relaxing)
 .debug_str     0x00001257      0x1b2 C:\Users\mlteh\Documents\LPCXpresso_6.1.4_194\workspace\Lib_EaBaseBoard\Debug\libLib_EaBaseBoard.a(oled.o)
                                0x3c0 (size before relaxing)
 .debug_str     0x00001409      0x136 C:\Users\mlteh\Documents\LPCXpresso_6.1.4_194\workspace\Lib_EaBaseBoard\Debug\libLib_EaBaseBoard.a(pca9532.o)
                                0x3fa (size before relaxing)
 .debug_str     0x0000153f       0x22 C:\Users\mlteh\Documents\LPCXpresso_6.1.4_194\workspace\Lib_EaBaseBoard\Debug\libLib_EaBaseBoard.a(rgb.o)
                                0x154 (size before relaxing)
 .debug_str     0x00001561       0x4a C:\Users\mlteh\Documents\LPCXpresso_6.1.4_194\workspace\Lib_EaBaseBoard\Debug\libLib_EaBaseBoard.a(temp.o)
                                0x1a2 (size before relaxing)
 .debug_str     0x000015ab       0x11 C:\Users\mlteh\Documents\LPCXpresso_6.1.4_194\workspace\Lib_EaBaseBoard\Debug\libLib_EaBaseBoard.a(font5x7.o)
                                 0xcb (size before relaxing)
 .debug_str     0x000015bc      0x384 C:\Users\mlteh\Documents\LPCXpresso_6.1.4_194\workspace\Lib_MCU\Debug\libLib_MCU.a(lpc17xx_gpio.o)
                                0x47c (size before relaxing)
 .debug_str     0x00001940      0x304 C:\Users\mlteh\Documents\LPCXpresso_6.1.4_194\workspace\Lib_MCU\Debug\libLib_MCU.a(lpc17xx_i2c.o)
                                0x812 (size before relaxing)
 .debug_str     0x00001c44      0x108 C:\Users\mlteh\Documents\LPCXpresso_6.1.4_194\workspace\Lib_MCU\Debug\libLib_MCU.a(lpc17xx_pinsel.o)
                                0x3b1 (size before relaxing)
 .debug_str     0x00001d4c      0x204 C:\Users\mlteh\Documents\LPCXpresso_6.1.4_194\workspace\Lib_MCU\Debug\libLib_MCU.a(lpc17xx_ssp.o)
                                0x48f (size before relaxing)
 .debug_str     0x00001f50      0x42e C:\Users\mlteh\Documents\LPCXpresso_6.1.4_194\workspace\Lib_MCU\Debug\libLib_MCU.a(lpc17xx_timer.o)
                                0x5c5 (size before relaxing)
 .debug_str     0x0000237e      0x924 C:\Users\mlteh\Documents\LPCXpresso_6.1.4_194\workspace\Lib_MCU\Debug\libLib_MCU.a(lpc17xx_uart.o)
                                0xc65 (size before relaxing)
 .debug_str     0x00002ca2       0xcb C:\Users\mlteh\Documents\LPCXpresso_6.1.4_194\workspace\Lib_MCU\Debug\libLib_MCU.a(lpc17xx_clkpwr.o)
                                0x3ad (size before relaxing)
 .debug_str     0x00002d6d       0xbc c:/nxp/lpcxpresso_6.1.4_194/lpcxpresso/tools/bin/../lib/gcc/arm-none-eabi/4.6.2/../../../../arm-none-eabi/lib/armv7-m\libcr_newlib_semihost.a(_cr_sbrk.o)
                                0x145 (size before relaxing)
 .debug_str     0x00002e29      0x2dd c:/nxp/lpcxpresso_6.1.4_194/lpcxpresso/tools/bin/../lib/gcc/arm-none-eabi/4.6.2/../../../../arm-none-eabi/lib/armv7-m\libcr_newlib_semihost.a(syscalls.o)
                                0x40b (size before relaxing)
 .debug_str     0x00003106       0x3b c:/nxp/lpcxpresso_6.1.4_194/lpcxpresso/tools/bin/../lib/gcc/arm-none-eabi/4.6.2/../../../../arm-none-eabi/lib/armv7-m\libcr_newlib_semihost.a(_cr_check_heap.o)
                                 0xd1 (size before relaxing)

.comment        0x00000000       0x9a
 .comment       0x00000000       0x70 ./src/cr_startup_lpc17.o
                                 0x71 (size before relaxing)
 .comment       0x00000000       0x71 ./src/main.o
 .comment       0x00000000       0x71 C:\Users\mlteh\Documents\LPCXpresso_6.1.4_194\workspace\Lib_CMSISv1p30_LPC17xx\Debug\libCMSISv1p30_LPC17xx.a(system_LPC17xx.o)
 .comment       0x00000000       0x71 C:\Users\mlteh\Documents\LPCXpresso_6.1.4_194\workspace\Lib_EaBaseBoard\Debug\libLib_EaBaseBoard.a(acc.o)
 .comment       0x00000000       0x71 C:\Users\mlteh\Documents\LPCXpresso_6.1.4_194\workspace\Lib_EaBaseBoard\Debug\libLib_EaBaseBoard.a(led7seg.o)
 .comment       0x00000000       0x71 C:\Users\mlteh\Documents\LPCXpresso_6.1.4_194\workspace\Lib_EaBaseBoard\Debug\libLib_EaBaseBoard.a(light.o)
 .comment       0x00000000       0x71 C:\Users\mlteh\Documents\LPCXpresso_6.1.4_194\workspace\Lib_EaBaseBoard\Debug\libLib_EaBaseBoard.a(oled.o)
 .comment       0x00000000       0x71 C:\Users\mlteh\Documents\LPCXpresso_6.1.4_194\workspace\Lib_EaBaseBoard\Debug\libLib_EaBaseBoard.a(pca9532.o)
 .comment       0x00000000       0x71 C:\Users\mlteh\Documents\LPCXpresso_6.1.4_194\workspace\Lib_EaBaseBoard\Debug\libLib_EaBaseBoard.a(rgb.o)
 .comment       0x00000000       0x71 C:\Users\mlteh\Documents\LPCXpresso_6.1.4_194\workspace\Lib_EaBaseBoard\Debug\libLib_EaBaseBoard.a(temp.o)
 .comment       0x00000000       0x71 C:\Users\mlteh\Documents\LPCXpresso_6.1.4_194\workspace\Lib_EaBaseBoard\Debug\libLib_EaBaseBoard.a(font5x7.o)
 .comment       0x00000000       0x71 C:\Users\mlteh\Documents\LPCXpresso_6.1.4_194\workspace\Lib_MCU\Debug\libLib_MCU.a(lpc17xx_gpio.o)
 .comment       0x00000000       0x71 C:\Users\mlteh\Documents\LPCXpresso_6.1.4_194\workspace\Lib_MCU\Debug\libLib_MCU.a(lpc17xx_i2c.o)
 .comment       0x00000000       0x71 C:\Users\mlteh\Documents\LPCXpresso_6.1.4_194\workspace\Lib_MCU\Debug\libLib_MCU.a(lpc17xx_pinsel.o)
 .comment       0x00000000       0x71 C:\Users\mlteh\Documents\LPCXpresso_6.1.4_194\workspace\Lib_MCU\Debug\libLib_MCU.a(lpc17xx_ssp.o)
 .comment       0x00000000       0x71 C:\Users\mlteh\Documents\LPCXpresso_6.1.4_194\workspace\Lib_MCU\Debug\libLib_MCU.a(lpc17xx_timer.o)
 .comment       0x00000000       0x71 C:\Users\mlteh\Documents\LPCXpresso_6.1.4_194\workspace\Lib_MCU\Debug\libLib_MCU.a(lpc17xx_uart.o)
 .comment       0x00000000       0x71 C:\Users\mlteh\Documents\LPCXpresso_6.1.4_194\workspace\Lib_MCU\Debug\libLib_MCU.a(lpc17xx_clkpwr.o)
 .comment       0x00000070       0x2a c:/nxp/lpcxpresso_6.1.4_194/lpcxpresso/tools/bin/../lib/gcc/arm-none-eabi/4.6.2/../../../../arm-none-eabi/lib/armv7-m\libcr_newlib_semihost.a(_cr_sbrk.o)
                                 0x2b (size before relaxing)
 .comment       0x00000000       0x2b c:/nxp/lpcxpresso_6.1.4_194/lpcxpresso/tools/bin/../lib/gcc/arm-none-eabi/4.6.2/../../../../arm-none-eabi/lib/armv7-m\libcr_newlib_semihost.a(syscalls.o)
 .comment       0x00000000       0x2b c:/nxp/lpcxpresso_6.1.4_194/lpcxpresso/tools/bin/../lib/gcc/arm-none-eabi/4.6.2/../../../../arm-none-eabi/lib/armv7-m\libcr_newlib_semihost.a(_cr_check_heap.o)

.ARM.attributes
                0x00000000       0x33
 .ARM.attributes
                0x00000000       0x33 ./src/cr_startup_lpc17.o
 .ARM.attributes
                0x00000033       0x33 ./src/main.o
 .ARM.attributes
                0x00000066       0x33 C:\Users\mlteh\Documents\LPCXpresso_6.1.4_194\workspace\Lib_CMSISv1p30_LPC17xx\Debug\libCMSISv1p30_LPC17xx.a(system_LPC17xx.o)
 .ARM.attributes
                0x00000099       0x33 C:\Users\mlteh\Documents\LPCXpresso_6.1.4_194\workspace\Lib_EaBaseBoard\Debug\libLib_EaBaseBoard.a(acc.o)
 .ARM.attributes
                0x000000cc       0x33 C:\Users\mlteh\Documents\LPCXpresso_6.1.4_194\workspace\Lib_EaBaseBoard\Debug\libLib_EaBaseBoard.a(led7seg.o)
 .ARM.attributes
                0x000000ff       0x33 C:\Users\mlteh\Documents\LPCXpresso_6.1.4_194\workspace\Lib_EaBaseBoard\Debug\libLib_EaBaseBoard.a(light.o)
 .ARM.attributes
                0x00000132       0x33 C:\Users\mlteh\Documents\LPCXpresso_6.1.4_194\workspace\Lib_EaBaseBoard\Debug\libLib_EaBaseBoard.a(oled.o)
 .ARM.attributes
                0x00000165       0x33 C:\Users\mlteh\Documents\LPCXpresso_6.1.4_194\workspace\Lib_EaBaseBoard\Debug\libLib_EaBaseBoard.a(pca9532.o)
 .ARM.attributes
                0x00000198       0x33 C:\Users\mlteh\Documents\LPCXpresso_6.1.4_194\workspace\Lib_EaBaseBoard\Debug\libLib_EaBaseBoard.a(rgb.o)
 .ARM.attributes
                0x000001cb       0x33 C:\Users\mlteh\Documents\LPCXpresso_6.1.4_194\workspace\Lib_EaBaseBoard\Debug\libLib_EaBaseBoard.a(temp.o)